13:17:06.675 DB size: 6565 KB
13:17:07.481 {
  "appVersion": "0.63.7",
  "dbVersion": 228,
  "nodeVersion": "v18.15.0",
  "syncVersion": 32,
  "buildDate": "2024-05-30T06:59:06+02:00",
  "buildRevision": "95d46b7ce7e0036eeb72b43e1815cc5c00dc214c",
  "dataDirectory": "/home/diener/.local/share/trilium-data",
  "clipperProtocolVersion": "1.0",
  "utcDateTime": "2026-08-28T18:17:06.670Z"
}
13:17:07.482 CPU model: AMD Ryzen 5 5500, logical cores: 12 freq: 4217 Mhz
13:17:07.482 Trusted reverse proxy: false
13:17:07.482 App HTTP server starting up at port 37840
13:17:07.487 Listening on port 37840
13:17:07.493 Becca (note cache) load took 6ms
13:17:07.878 Registered global shortcut Ctrl+Alt+P for action createNoteIntoInbox
13:17:07.933 Generated CSRF token t9Ehs4KX-obfXFQojbwe9cQyUXpEGqra4mnE with secret _csrf=JgxaT7A2sbIvl59-zvkUvMmi; Path=/
13:17:08.177 200 GET /api/options with 7590 bytes took 1ms
13:17:08.179 200 GET /api/tree with 36185 bytes took 1ms
13:17:08.181 200 GET /api/keyboard-actions with 14263 bytes took 1ms
13:17:08.182 200 GET /api/script/widgets with 2 bytes took 1ms
13:17:08.217 200 GET /api/keyboard-shortcuts-for-notes with 2 bytes took 0ms
13:17:08.226 200 POST /api/tree/load with 4156 bytes took 0ms
13:17:08.873 200 GET /api/note-map/_options/backlink-count with 11 bytes took 1ms
13:17:10.218 200 GET /api/script/startup with 2 bytes took 2ms
13:17:10.590 Created new note 'nrUN5XvPIVJu', branch 'ZjL06Mp2PgZc_nrUN5XvPIVJu' of type 'text', mime 'text/html'
13:17:10.594 Slow 200 GET /api/special-notes/inbox/2026-08-28 with 330 bytes took 13ms
13:17:10.595 200 POST /api/tree/load with 2837 bytes took 0ms
13:17:10.596 200 POST /api/tree/load with 3115 bytes took 1ms
13:17:10.614 Created new note 'bHEqDgbrdPw0', branch 'nrUN5XvPIVJu_bHEqDgbrdPw0' of type 'text', mime 'text/html'
13:17:10.615 200 POST /api/notes/nrUN5XvPIVJu/children?target=into with 554 bytes took 4ms
13:17:10.624 200 POST /api/tree/load with 3391 bytes took 0ms
13:17:10.692 200 GET /api/notes/bHEqDgbrdPw0/blob with 155 bytes took 1ms
13:17:10.693 200 GET /api/note-map/bHEqDgbrdPw0/backlink-count with 11 bytes took 0ms
13:17:10.694 200 GET /api/tree?subTreeNoteId=hor0X6yIv73X with 2136 bytes took 1ms
13:17:10.699 204 PUT /api/options with 0 bytes took 3ms
13:17:10.820 200 GET /api/tree?subTreeNoteId=DadEg8YxAq9z with 2837 bytes took 0ms
13:17:10.841 200 GET /api/tree?subTreeNoteId=ZjL06Mp2PgZc with 3687 bytes took 1ms
13:17:10.847 200 GET /api/tree?subTreeNoteId=nrUN5XvPIVJu with 3391 bytes took 0ms
13:17:10.858 204 PUT /api/branches/root_hor0X6yIv73X/expanded/1 with 0 bytes took 1ms
13:17:10.858 204 PUT /api/branches/hor0X6yIv73X_DadEg8YxAq9z/expanded/1 with 0 bytes took 0ms
13:17:10.860 204 PUT /api/branches/DadEg8YxAq9z_ZjL06Mp2PgZc/expanded/1 with 0 bytes took 1ms
13:17:10.861 204 PUT /api/branches/ZjL06Mp2PgZc_nrUN5XvPIVJu/expanded/1 with 0 bytes took 1ms
13:17:11.497 Table counts: notes: 251, revisions: 11, attachments: 16, branches: 265, attributes: 361, etapi_tokens: 0, blobs: 150
13:17:11.508 All consistency checks passed with no errors detected (took 13ms)
13:17:19.796 200 GET /api/notes/nhSEdL7w35Li/blob with 1014 bytes took 0ms
13:17:19.797 200 GET /api/note-map/nhSEdL7w35Li/backlink-count with 11 bytes took 0ms
13:17:19.801 204 PUT /api/options with 0 bytes took 1ms
13:17:22.774 200 GET /api/notes/nhSEdL7w35Li/blob with 1014 bytes took 0ms
13:17:24.498 204 PUT /api/notes/nhSEdL7w35Li/data with 0 bytes took 4ms
13:17:24.501 200 GET /api/notes/nhSEdL7w35Li/blob with 1027 bytes took 0ms
13:17:25.500 204 PUT /api/notes/nhSEdL7w35Li/data with 0 bytes took 1ms
13:17:26.505 204 PUT /api/notes/nhSEdL7w35Li/data with 0 bytes took 2ms
13:17:26.508 200 GET /api/notes/nhSEdL7w35Li/blob with 1026 bytes took 0ms
13:17:27.508 204 PUT /api/notes/nhSEdL7w35Li/data with 0 bytes took 1ms
13:17:27.511 200 GET /api/notes/nhSEdL7w35Li/blob with 1035 bytes took 0ms
13:17:28.512 204 PUT /api/notes/nhSEdL7w35Li/data with 0 bytes took 2ms
13:17:28.514 200 GET /api/notes/nhSEdL7w35Li/blob with 1038 bytes took 0ms
13:17:29.513 204 PUT /api/notes/nhSEdL7w35Li/data with 0 bytes took 2ms
13:17:29.516 200 GET /api/notes/nhSEdL7w35Li/blob with 1046 bytes took 0ms
13:17:30.515 204 PUT /api/notes/nhSEdL7w35Li/data with 0 bytes took 2ms
13:17:30.518 200 GET /api/notes/nhSEdL7w35Li/blob with 1051 bytes took 0ms
13:17:31.521 204 PUT /api/notes/nhSEdL7w35Li/data with 0 bytes took 2ms
13:17:31.524 200 GET /api/notes/nhSEdL7w35Li/blob with 1057 bytes took 0ms
13:17:32.524 204 PUT /api/notes/nhSEdL7w35Li/data with 0 bytes took 1ms
13:17:32.527 200 GET /api/notes/nhSEdL7w35Li/blob with 1058 bytes took 0ms
13:17:33.527 204 PUT /api/notes/nhSEdL7w35Li/data with 0 bytes took 2ms
13:17:33.530 200 GET /api/notes/nhSEdL7w35Li/blob with 1070 bytes took 1ms
13:17:34.528 204 PUT /api/notes/nhSEdL7w35Li/data with 0 bytes took 1ms
13:17:34.531 200 GET /api/notes/nhSEdL7w35Li/blob with 1068 bytes took 0ms
13:17:35.530 204 PUT /api/notes/nhSEdL7w35Li/data with 0 bytes took 1ms
13:17:35.534 200 GET /api/notes/nhSEdL7w35Li/blob with 1072 bytes took 1ms
13:17:36.533 204 PUT /api/notes/nhSEdL7w35Li/data with 0 bytes took 2ms
13:17:36.536 200 GET /api/notes/nhSEdL7w35Li/blob with 1079 bytes took 0ms
13:17:37.534 204 PUT /api/notes/nhSEdL7w35Li/data with 0 bytes took 2ms
13:17:37.537 200 GET /api/notes/nhSEdL7w35Li/blob with 1093 bytes took 0ms
13:17:38.536 204 PUT /api/notes/nhSEdL7w35Li/data with 0 bytes took 2ms
13:17:38.539 200 GET /api/notes/nhSEdL7w35Li/blob with 1099 bytes took 0ms
13:17:39.541 204 PUT /api/notes/nhSEdL7w35Li/data with 0 bytes took 2ms
13:17:39.544 200 GET /api/notes/nhSEdL7w35Li/blob with 1105 bytes took 1ms
13:17:40.543 204 PUT /api/notes/nhSEdL7w35Li/data with 0 bytes took 1ms
13:17:40.545 200 GET /api/notes/nhSEdL7w35Li/blob with 1106 bytes took 0ms
13:17:41.545 204 PUT /api/notes/nhSEdL7w35Li/data with 0 bytes took 1ms
13:17:41.548 200 GET /api/notes/nhSEdL7w35Li/blob with 1109 bytes took 0ms
13:17:42.550 204 PUT /api/notes/nhSEdL7w35Li/data with 0 bytes took 1ms
13:17:42.554 200 GET /api/notes/nhSEdL7w35Li/blob with 1111 bytes took 1ms
13:22:07.542 Created backup at /home/diener/.local/share/trilium-data/backup/backup-daily.db
13:22:07.562 Created backup at /home/diener/.local/share/trilium-data/backup/backup-weekly.db
13:32:07.503 204 PUT /api/branches/hor0X6yIv73X_DadEg8YxAq9z/expanded/0 with 0 bytes took 0ms
13:32:07.505 204 PUT /api/branches/DadEg8YxAq9z_ZjL06Mp2PgZc/expanded/0 with 0 bytes took 0ms
13:32:07.506 204 PUT /api/branches/ZjL06Mp2PgZc_nrUN5XvPIVJu/expanded/0 with 0 bytes took 1ms
13:32:07.506 204 PUT /api/branches/_lbRoot__lbAvailableLaunchers/expanded/0 with 0 bytes took 0ms
13:32:07.506 204 PUT /api/branches/_lbRoot__lbVisibleLaunchers/expanded/0 with 0 bytes took 0ms
13:32:08.539 204 PUT /api/branches/root_hor0X6yIv73X/expanded/0 with 0 bytes took 1ms
13:32:08.540 204 PUT /api/branches/_hidden__lbRoot/expanded/0 with 0 bytes took 1ms
14:17:07.487 Optimizing database
14:17:07.487 Optimization finished in 0ms.
14:17:07.495 Table counts: notes: 251, revisions: 12, attachments: 16, branches: 265, attributes: 361, etapi_tokens: 0, blobs: 151
14:17:07.499 All consistency checks passed with no errors detected (took 4ms)
14:41:35.372 204 PUT /api/notes/nhSEdL7w35Li/data with 0 bytes took 3ms
14:41:35.377 200 GET /api/notes/nhSEdL7w35Li/blob with 1124 bytes took 1ms
14:41:36.374 204 PUT /api/notes/nhSEdL7w35Li/data with 0 bytes took 1ms
14:41:36.377 200 GET /api/notes/nhSEdL7w35Li/blob with 1137 bytes took 0ms
14:41:37.378 204 PUT /api/notes/nhSEdL7w35Li/data with 0 bytes took 2ms
14:41:37.380 200 GET /api/notes/nhSEdL7w35Li/blob with 1120 bytes took 0ms
14:41:38.381 204 PUT /api/notes/nhSEdL7w35Li/data with 0 bytes took 1ms
14:41:38.384 200 GET /api/notes/nhSEdL7w35Li/blob with 1124 bytes took 0ms
14:41:39.387 204 PUT /api/notes/nhSEdL7w35Li/data with 0 bytes took 1ms
14:41:40.390 204 PUT /api/notes/nhSEdL7w35Li/data with 0 bytes took 1ms
14:41:40.393 200 GET /api/notes/nhSEdL7w35Li/blob with 1126 bytes took 0ms
14:41:41.393 204 PUT /api/notes/nhSEdL7w35Li/data with 0 bytes took 1ms
14:41:41.396 200 GET /api/notes/nhSEdL7w35Li/blob with 1135 bytes took 1ms
14:41:42.395 204 PUT /api/notes/nhSEdL7w35Li/data with 0 bytes took 1ms
14:41:42.398 200 GET /api/notes/nhSEdL7w35Li/blob with 1142 bytes took 1ms
14:41:43.399 204 PUT /api/notes/nhSEdL7w35Li/data with 0 bytes took 1ms
14:41:43.402 200 GET /api/notes/nhSEdL7w35Li/blob with 1151 bytes took 1ms
14:41:44.402 204 PUT /api/notes/nhSEdL7w35Li/data with 0 bytes took 1ms
14:41:44.405 200 GET /api/notes/nhSEdL7w35Li/blob with 1167 bytes took 0ms
14:41:45.407 204 PUT /api/notes/nhSEdL7w35Li/data with 0 bytes took 1ms
14:41:45.410 200 GET /api/notes/nhSEdL7w35Li/blob with 1168 bytes took 1ms
14:41:46.409 204 PUT /api/notes/nhSEdL7w35Li/data with 0 bytes took 1ms
14:41:46.411 200 GET /api/notes/nhSEdL7w35Li/blob with 1174 bytes took 0ms
14:41:47.414 204 PUT /api/notes/nhSEdL7w35Li/data with 0 bytes took 1ms
14:41:47.417 200 GET /api/notes/nhSEdL7w35Li/blob with 1177 bytes took 0ms
14:41:48.419 204 PUT /api/notes/nhSEdL7w35Li/data with 0 bytes took 2ms
14:41:48.421 200 GET /api/notes/nhSEdL7w35Li/blob with 1187 bytes took 0ms
14:41:49.422 204 PUT /api/notes/nhSEdL7w35Li/data with 0 bytes took 2ms
14:41:49.424 200 GET /api/notes/nhSEdL7w35Li/blob with 1196 bytes took 1ms
14:41:50.428 204 PUT /api/notes/nhSEdL7w35Li/data with 0 bytes took 2ms
14:41:50.430 200 GET /api/notes/nhSEdL7w35Li/blob with 1202 bytes took 1ms
14:41:51.439 204 PUT /api/notes/nhSEdL7w35Li/data with 0 bytes took 8ms
14:41:51.442 200 GET /api/notes/nhSEdL7w35Li/blob with 1204 bytes took 1ms
14:41:52.437 204 PUT /api/notes/nhSEdL7w35Li/data with 0 bytes took 5ms
14:41:52.439 200 GET /api/notes/nhSEdL7w35Li/blob with 1206 bytes took 0ms
14:41:53.439 204 PUT /api/notes/nhSEdL7w35Li/data with 0 bytes took 2ms
14:41:53.441 200 GET /api/notes/nhSEdL7w35Li/blob with 1210 bytes took 0ms
14:41:54.444 204 PUT /api/notes/nhSEdL7w35Li/data with 0 bytes took 2ms
14:41:54.446 200 GET /api/notes/nhSEdL7w35Li/blob with 1215 bytes took 0ms
14:41:55.447 204 PUT /api/notes/nhSEdL7w35Li/data with 0 bytes took 1ms
14:41:55.450 200 GET /api/notes/nhSEdL7w35Li/blob with 1216 bytes took 0ms
14:41:56.452 204 PUT /api/notes/nhSEdL7w35Li/data with 0 bytes took 2ms
14:41:56.455 200 GET /api/notes/nhSEdL7w35Li/blob with 1224 bytes took 0ms
14:41:57.457 204 PUT /api/notes/nhSEdL7w35Li/data with 0 bytes took 1ms
14:41:57.459 200 GET /api/notes/nhSEdL7w35Li/blob with 1238 bytes took 0ms
14:41:58.459 204 PUT /api/notes/nhSEdL7w35Li/data with 0 bytes took 1ms
14:41:58.461 200 GET /api/notes/nhSEdL7w35Li/blob with 1245 bytes took 0ms
14:41:59.464 204 PUT /api/notes/nhSEdL7w35Li/data with 0 bytes took 1ms
14:41:59.467 200 GET /api/notes/nhSEdL7w35Li/blob with 1244 bytes took 1ms
14:42:00.470 204 PUT /api/notes/nhSEdL7w35Li/data with 0 bytes took 2ms
14:42:00.472 200 GET /api/notes/nhSEdL7w35Li/blob with 1251 bytes took 0ms
14:42:01.472 204 PUT /api/notes/nhSEdL7w35Li/data with 0 bytes took 1ms
14:42:01.475 200 GET /api/notes/nhSEdL7w35Li/blob with 1249 bytes took 1ms
14:42:02.477 204 PUT /api/notes/nhSEdL7w35Li/data with 0 bytes took 2ms
14:42:02.479 200 GET /api/notes/nhSEdL7w35Li/blob with 1256 bytes took 0ms
14:42:03.480 204 PUT /api/notes/nhSEdL7w35Li/data with 0 bytes took 1ms
14:42:03.482 200 GET /api/notes/nhSEdL7w35Li/blob with 1263 bytes took 0ms
14:42:04.484 204 PUT /api/notes/nhSEdL7w35Li/data with 0 bytes took 1ms
14:42:04.487 200 GET /api/notes/nhSEdL7w35Li/blob with 1264 bytes took 0ms
14:42:05.488 204 PUT /api/notes/nhSEdL7w35Li/data with 0 bytes took 2ms
14:42:05.490 200 GET /api/notes/nhSEdL7w35Li/blob with 1273 bytes took 0ms
14:42:06.493 204 PUT /api/notes/nhSEdL7w35Li/data with 0 bytes took 1ms
14:42:06.496 200 GET /api/notes/nhSEdL7w35Li/blob with 1276 bytes took 1ms
14:42:07.494 204 PUT /api/notes/nhSEdL7w35Li/data with 0 bytes took 1ms
14:42:07.497 200 GET /api/notes/nhSEdL7w35Li/blob with 1279 bytes took 1ms
14:42:10.644 204 PUT /api/notes/nhSEdL7w35Li/data with 0 bytes took 1ms
14:42:10.647 200 GET /api/notes/nhSEdL7w35Li/blob with 1280 bytes took 1ms
14:42:11.648 204 PUT /api/notes/nhSEdL7w35Li/data with 0 bytes took 2ms
14:42:11.650 200 GET /api/notes/nhSEdL7w35Li/blob with 1286 bytes took 0ms
14:42:21.374 204 PUT /api/notes/nhSEdL7w35Li/data with 0 bytes took 1ms
14:42:21.379 200 GET /api/notes/nhSEdL7w35Li/blob with 1280 bytes took 1ms
14:42:22.376 204 PUT /api/notes/nhSEdL7w35Li/data with 0 bytes took 1ms
14:42:22.379 200 GET /api/notes/nhSEdL7w35Li/blob with 1283 bytes took 0ms
14:42:23.382 204 PUT /api/notes/nhSEdL7w35Li/data with 0 bytes took 1ms
14:42:23.385 200 GET /api/notes/nhSEdL7w35Li/blob with 1289 bytes took 0ms
14:42:24.387 204 PUT /api/notes/nhSEdL7w35Li/data with 0 bytes took 1ms
14:42:24.390 200 GET /api/notes/nhSEdL7w35Li/blob with 1297 bytes took 0ms
14:42:25.390 204 PUT /api/notes/nhSEdL7w35Li/data with 0 bytes took 1ms
14:42:25.392 200 GET /api/notes/nhSEdL7w35Li/blob with 1301 bytes took 0ms
14:42:26.392 204 PUT /api/notes/nhSEdL7w35Li/data with 0 bytes took 2ms
14:42:26.394 200 GET /api/notes/nhSEdL7w35Li/blob with 1308 bytes took 1ms
14:42:27.394 204 PUT /api/notes/nhSEdL7w35Li/data with 0 bytes took 1ms
14:42:27.396 200 GET /api/notes/nhSEdL7w35Li/blob with 1311 bytes took 0ms
14:42:28.399 204 PUT /api/notes/nhSEdL7w35Li/data with 0 bytes took 2ms
14:42:28.402 200 GET /api/notes/nhSEdL7w35Li/blob with 1314 bytes took 1ms
14:42:29.401 204 PUT /api/notes/nhSEdL7w35Li/data with 0 bytes took 1ms
14:42:29.404 200 GET /api/notes/nhSEdL7w35Li/blob with 1321 bytes took 0ms
14:42:30.403 204 PUT /api/notes/nhSEdL7w35Li/data with 0 bytes took 1ms
14:42:30.406 200 GET /api/notes/nhSEdL7w35Li/blob with 1318 bytes took 0ms
14:42:31.408 204 PUT /api/notes/nhSEdL7w35Li/data with 0 bytes took 2ms
14:42:31.410 200 GET /api/notes/nhSEdL7w35Li/blob with 1325 bytes took 0ms
14:42:32.413 204 PUT /api/notes/nhSEdL7w35Li/data with 0 bytes took 2ms
14:42:32.415 200 GET /api/notes/nhSEdL7w35Li/blob with 1329 bytes took 0ms
14:42:33.415 204 PUT /api/notes/nhSEdL7w35Li/data with 0 bytes took 1ms
14:42:33.418 200 GET /api/notes/nhSEdL7w35Li/blob with 1337 bytes took 0ms
14:42:34.418 204 PUT /api/notes/nhSEdL7w35Li/data with 0 bytes took 2ms
14:42:34.420 200 GET /api/notes/nhSEdL7w35Li/blob with 1341 bytes took 0ms
14:42:35.426 204 PUT /api/notes/nhSEdL7w35Li/data with 0 bytes took 1ms
14:42:35.429 200 GET /api/notes/nhSEdL7w35Li/blob with 1348 bytes took 0ms
14:42:36.432 204 PUT /api/notes/nhSEdL7w35Li/data with 0 bytes took 2ms
14:42:36.434 200 GET /api/notes/nhSEdL7w35Li/blob with 1349 bytes took 0ms
15:17:07.495 Table counts: notes: 251, revisions: 13, attachments: 16, branches: 265, attributes: 361, etapi_tokens: 0, blobs: 152
15:17:07.498 All consistency checks passed with no errors detected (took 3ms)
15:32:52.764 200 PUT /api/notes/nhSEdL7w35Li/title with 348 bytes took 6ms
15:32:52.767 200 GET /api/notes/nhSEdL7w35Li/blob with 1349 bytes took 1ms
15:32:53.757 200 PUT /api/notes/nhSEdL7w35Li/title with 350 bytes took 3ms
15:32:54.758 200 PUT /api/notes/nhSEdL7w35Li/title with 351 bytes took 1ms
15:32:54.761 200 GET /api/notes/nhSEdL7w35Li/blob with 1349 bytes took 1ms
15:32:55.760 200 PUT /api/notes/nhSEdL7w35Li/title with 352 bytes took 1ms
15:32:56.762 200 PUT /api/notes/nhSEdL7w35Li/title with 353 bytes took 1ms
15:32:56.765 200 GET /api/notes/nhSEdL7w35Li/blob with 1349 bytes took 1ms
15:32:58.122 200 GET /api/notes/nhSEdL7w35Li/blob with 1349 bytes took 1ms
15:33:01.942 200 GET /api/notes/nhSEdL7w35Li/blob with 1349 bytes took 0ms
15:33:03.160 204 PUT /api/notes/nhSEdL7w35Li/data with 0 bytes took 2ms
15:33:03.162 200 GET /api/notes/nhSEdL7w35Li/blob with 1362 bytes took 0ms
15:33:05.029 204 PUT /api/notes/nhSEdL7w35Li/data with 0 bytes took 2ms
15:33:05.031 200 GET /api/notes/nhSEdL7w35Li/blob with 1357 bytes took 0ms
15:33:06.033 204 PUT /api/notes/nhSEdL7w35Li/data with 0 bytes took 1ms
15:33:06.036 200 GET /api/notes/nhSEdL7w35Li/blob with 1361 bytes took 0ms
15:33:07.037 204 PUT /api/notes/nhSEdL7w35Li/data with 0 bytes took 1ms
15:33:07.041 200 GET /api/notes/nhSEdL7w35Li/blob with 1362 bytes took 1ms
15:33:08.041 204 PUT /api/notes/nhSEdL7w35Li/data with 0 bytes took 2ms
15:33:08.043 200 GET /api/notes/nhSEdL7w35Li/blob with 1364 bytes took 0ms
15:33:09.045 204 PUT /api/notes/nhSEdL7w35Li/data with 0 bytes took 1ms
15:33:09.048 200 GET /api/notes/nhSEdL7w35Li/blob with 1362 bytes took 0ms
15:33:10.050 204 PUT /api/notes/nhSEdL7w35Li/data with 0 bytes took 1ms
15:33:10.053 200 GET /api/notes/nhSEdL7w35Li/blob with 1368 bytes took 0ms
15:33:11.055 204 PUT /api/notes/nhSEdL7w35Li/data with 0 bytes took 1ms
15:33:11.057 200 GET /api/notes/nhSEdL7w35Li/blob with 1368 bytes took 0ms
15:33:12.060 204 PUT /api/notes/nhSEdL7w35Li/data with 0 bytes took 1ms
15:33:12.063 200 GET /api/notes/nhSEdL7w35Li/blob with 1377 bytes took 1ms
15:33:13.064 204 PUT /api/notes/nhSEdL7w35Li/data with 0 bytes took 1ms
15:33:13.066 200 GET /api/notes/nhSEdL7w35Li/blob with 1384 bytes took 0ms
15:33:14.066 204 PUT /api/notes/nhSEdL7w35Li/data with 0 bytes took 1ms
15:33:14.069 200 GET /api/notes/nhSEdL7w35Li/blob with 1391 bytes took 0ms
15:33:15.073 204 PUT /api/notes/nhSEdL7w35Li/data with 0 bytes took 3ms
15:33:15.075 200 GET /api/notes/nhSEdL7w35Li/blob with 1392 bytes took 0ms
15:33:17.111 204 PUT /api/notes/nhSEdL7w35Li/data with 0 bytes took 1ms
15:33:17.114 200 GET /api/notes/nhSEdL7w35Li/blob with 1405 bytes took 0ms
15:33:18.116 204 PUT /api/notes/nhSEdL7w35Li/data with 0 bytes took 2ms
15:33:18.118 200 GET /api/notes/nhSEdL7w35Li/blob with 1444 bytes took 0ms
15:33:25.227 204 PUT /api/notes/nhSEdL7w35Li/data with 0 bytes took 1ms
15:33:25.232 200 GET /api/notes/nhSEdL7w35Li/blob with 1457 bytes took 1ms
15:33:26.233 204 PUT /api/notes/nhSEdL7w35Li/data with 0 bytes took 1ms
15:33:26.236 200 GET /api/notes/nhSEdL7w35Li/blob with 1496 bytes took 0ms
15:33:27.239 204 PUT /api/notes/nhSEdL7w35Li/data with 0 bytes took 1ms
15:33:27.242 200 GET /api/notes/nhSEdL7w35Li/blob with 1470 bytes took 1ms
15:33:28.245 204 PUT /api/notes/nhSEdL7w35Li/data with 0 bytes took 1ms
15:33:28.249 200 GET /api/notes/nhSEdL7w35Li/blob with 1457 bytes took 1ms
15:33:30.531 204 PUT /api/notes/nhSEdL7w35Li/data with 0 bytes took 1ms
15:33:30.534 200 GET /api/notes/nhSEdL7w35Li/blob with 1427 bytes took 0ms
15:33:31.534 204 PUT /api/notes/nhSEdL7w35Li/data with 0 bytes took 1ms
15:33:31.538 200 GET /api/notes/nhSEdL7w35Li/blob with 1401 bytes took 1ms
15:33:32.536 204 PUT /api/notes/nhSEdL7w35Li/data with 0 bytes took 1ms
15:33:32.539 200 GET /api/notes/nhSEdL7w35Li/blob with 1431 bytes took 0ms
15:33:33.542 204 PUT /api/notes/nhSEdL7w35Li/data with 0 bytes took 2ms
15:33:33.545 200 GET /api/notes/nhSEdL7w35Li/blob with 1430 bytes took 1ms
15:33:34.546 204 PUT /api/notes/nhSEdL7w35Li/data with 0 bytes took 1ms
15:33:34.549 200 GET /api/notes/nhSEdL7w35Li/blob with 1430 bytes took 1ms
15:33:35.550 204 PUT /api/notes/nhSEdL7w35Li/data with 0 bytes took 1ms
15:33:35.553 200 GET /api/notes/nhSEdL7w35Li/blob with 1433 bytes took 0ms
15:33:36.556 204 PUT /api/notes/nhSEdL7w35Li/data with 0 bytes took 2ms
15:33:36.558 200 GET /api/notes/nhSEdL7w35Li/blob with 1446 bytes took 0ms
15:33:37.839 204 PUT /api/notes/nhSEdL7w35Li/data with 0 bytes took 2ms
15:33:37.841 200 GET /api/notes/nhSEdL7w35Li/blob with 1442 bytes took 0ms
15:33:38.843 204 PUT /api/notes/nhSEdL7w35Li/data with 0 bytes took 1ms
15:33:38.846 200 GET /api/notes/nhSEdL7w35Li/blob with 1453 bytes took 1ms
15:33:39.846 204 PUT /api/notes/nhSEdL7w35Li/data with 0 bytes took 2ms
15:33:39.848 200 GET /api/notes/nhSEdL7w35Li/blob with 1449 bytes took 0ms
15:33:40.846 204 PUT /api/notes/nhSEdL7w35Li/data with 0 bytes took 1ms
15:33:41.852 204 PUT /api/notes/nhSEdL7w35Li/data with 0 bytes took 1ms
15:33:41.854 200 GET /api/notes/nhSEdL7w35Li/blob with 1453 bytes took 0ms
15:33:42.854 204 PUT /api/notes/nhSEdL7w35Li/data with 0 bytes took 2ms
15:33:42.857 200 GET /api/notes/nhSEdL7w35Li/blob with 1459 bytes took 0ms
15:33:43.857 204 PUT /api/notes/nhSEdL7w35Li/data with 0 bytes took 2ms
15:33:43.859 200 GET /api/notes/nhSEdL7w35Li/blob with 1461 bytes took 0ms
15:33:44.866 204 PUT /api/notes/nhSEdL7w35Li/data with 0 bytes took 2ms
15:33:44.868 200 GET /api/notes/nhSEdL7w35Li/blob with 1465 bytes took 0ms
15:33:45.870 204 PUT /api/notes/nhSEdL7w35Li/data with 0 bytes took 1ms
15:33:45.873 200 GET /api/notes/nhSEdL7w35Li/blob with 1478 bytes took 0ms
15:33:47.539 204 PUT /api/notes/nhSEdL7w35Li/data with 0 bytes took 2ms
15:33:47.541 200 GET /api/notes/nhSEdL7w35Li/blob with 1474 bytes took 0ms
15:33:48.540 204 PUT /api/notes/nhSEdL7w35Li/data with 0 bytes took 1ms
15:33:48.543 200 GET /api/notes/nhSEdL7w35Li/blob with 1481 bytes took 0ms
15:33:49.545 204 PUT /api/notes/nhSEdL7w35Li/data with 0 bytes took 1ms
15:33:49.548 200 GET /api/notes/nhSEdL7w35Li/blob with 1488 bytes took 0ms
15:33:50.547 204 PUT /api/notes/nhSEdL7w35Li/data with 0 bytes took 2ms
15:33:50.549 200 GET /api/notes/nhSEdL7w35Li/blob with 1495 bytes took 0ms
15:33:51.550 204 PUT /api/notes/nhSEdL7w35Li/data with 0 bytes took 1ms
15:33:51.552 200 GET /api/notes/nhSEdL7w35Li/blob with 1499 bytes took 0ms
15:33:52.555 204 PUT /api/notes/nhSEdL7w35Li/data with 0 bytes took 1ms
15:33:52.558 200 GET /api/notes/nhSEdL7w35Li/blob with 1504 bytes took 0ms
15:33:53.560 204 PUT /api/notes/nhSEdL7w35Li/data with 0 bytes took 1ms
15:33:53.563 200 GET /api/notes/nhSEdL7w35Li/blob with 1509 bytes took 0ms
15:33:54.563 204 PUT /api/notes/nhSEdL7w35Li/data with 0 bytes took 1ms
15:33:54.565 200 GET /api/notes/nhSEdL7w35Li/blob with 1516 bytes took 0ms
15:33:55.566 204 PUT /api/notes/nhSEdL7w35Li/data with 0 bytes took 2ms
15:33:55.568 200 GET /api/notes/nhSEdL7w35Li/blob with 1518 bytes took 0ms
15:33:56.569 204 PUT /api/notes/nhSEdL7w35Li/data with 0 bytes took 2ms
15:33:56.571 200 GET /api/notes/nhSEdL7w35Li/blob with 1533 bytes took 0ms
15:33:57.594 Slow 204 PUT /api/notes/nhSEdL7w35Li/data with 0 bytes took 24ms
15:33:57.596 200 GET /api/notes/nhSEdL7w35Li/blob with 1535 bytes took 0ms
15:33:58.577 204 PUT /api/notes/nhSEdL7w35Li/data with 0 bytes took 4ms
15:33:58.580 200 GET /api/notes/nhSEdL7w35Li/blob with 1544 bytes took 1ms
15:33:59.576 204 PUT /api/notes/nhSEdL7w35Li/data with 0 bytes took 1ms
15:33:59.578 200 GET /api/notes/nhSEdL7w35Li/blob with 1550 bytes took 0ms
15:34:00.578 204 PUT /api/notes/nhSEdL7w35Li/data with 0 bytes took 1ms
15:34:00.581 200 GET /api/notes/nhSEdL7w35Li/blob with 1558 bytes took 1ms
15:34:01.584 204 PUT /api/notes/nhSEdL7w35Li/data with 0 bytes took 1ms
15:34:01.586 200 GET /api/notes/nhSEdL7w35Li/blob with 1561 bytes took 0ms
15:34:02.587 204 PUT /api/notes/nhSEdL7w35Li/data with 0 bytes took 1ms
15:34:02.590 200 GET /api/notes/nhSEdL7w35Li/blob with 1566 bytes took 0ms
15:34:03.589 204 PUT /api/notes/nhSEdL7w35Li/data with 0 bytes took 1ms
15:34:03.592 200 GET /api/notes/nhSEdL7w35Li/blob with 1560 bytes took 0ms
15:34:04.592 204 PUT /api/notes/nhSEdL7w35Li/data with 0 bytes took 2ms
15:34:04.594 200 GET /api/notes/nhSEdL7w35Li/blob with 1568 bytes took 0ms
15:34:08.050 204 PUT /api/notes/nhSEdL7w35Li/data with 0 bytes took 2ms
15:34:08.054 200 GET /api/notes/nhSEdL7w35Li/blob with 1564 bytes took 0ms
15:34:09.051 204 PUT /api/notes/nhSEdL7w35Li/data with 0 bytes took 1ms
15:34:09.053 200 GET /api/notes/nhSEdL7w35Li/blob with 1570 bytes took 0ms
15:34:10.054 204 PUT /api/notes/nhSEdL7w35Li/data with 0 bytes took 1ms
15:34:10.057 200 GET /api/notes/nhSEdL7w35Li/blob with 1574 bytes took 0ms
15:34:11.058 204 PUT /api/notes/nhSEdL7w35Li/data with 0 bytes took 2ms
15:34:11.060 200 GET /api/notes/nhSEdL7w35Li/blob with 1583 bytes took 0ms
15:34:12.062 204 PUT /api/notes/nhSEdL7w35Li/data with 0 bytes took 1ms
15:34:12.065 200 GET /api/notes/nhSEdL7w35Li/blob with 1590 bytes took 1ms
15:34:13.068 204 PUT /api/notes/nhSEdL7w35Li/data with 0 bytes took 1ms
15:34:13.071 200 GET /api/notes/nhSEdL7w35Li/blob with 1597 bytes took 1ms
15:34:14.072 204 PUT /api/notes/nhSEdL7w35Li/data with 0 bytes took 1ms
15:34:14.075 200 GET /api/notes/nhSEdL7w35Li/blob with 1600 bytes took 1ms
15:34:15.076 204 PUT /api/notes/nhSEdL7w35Li/data with 0 bytes took 1ms
15:34:15.079 200 GET /api/notes/nhSEdL7w35Li/blob with 1604 bytes took 1ms
15:34:16.079 204 PUT /api/notes/nhSEdL7w35Li/data with 0 bytes took 2ms
15:34:16.081 200 GET /api/notes/nhSEdL7w35Li/blob with 1612 bytes took 0ms
15:34:17.083 204 PUT /api/notes/nhSEdL7w35Li/data with 0 bytes took 1ms
15:34:17.086 200 GET /api/notes/nhSEdL7w35Li/blob with 1622 bytes took 0ms
15:34:18.592 204 PUT /api/notes/nhSEdL7w35Li/data with 0 bytes took 2ms
15:34:18.595 200 GET /api/notes/nhSEdL7w35Li/blob with 1618 bytes took 0ms
15:34:19.599 204 PUT /api/notes/nhSEdL7w35Li/data with 0 bytes took 2ms
15:34:19.601 200 GET /api/notes/nhSEdL7w35Li/blob with 1625 bytes took 0ms
15:34:20.600 204 PUT /api/notes/nhSEdL7w35Li/data with 0 bytes took 1ms
15:34:20.603 200 GET /api/notes/nhSEdL7w35Li/blob with 1631 bytes took 0ms
15:34:21.604 204 PUT /api/notes/nhSEdL7w35Li/data with 0 bytes took 1ms
15:34:21.606 200 GET /api/notes/nhSEdL7w35Li/blob with 1634 bytes took 0ms
15:34:22.607 204 PUT /api/notes/nhSEdL7w35Li/data with 0 bytes took 1ms
15:34:22.610 200 GET /api/notes/nhSEdL7w35Li/blob with 1645 bytes took 0ms
15:34:23.609 204 PUT /api/notes/nhSEdL7w35Li/data with 0 bytes took 1ms
15:34:23.612 200 GET /api/notes/nhSEdL7w35Li/blob with 1649 bytes took 0ms
15:34:24.616 204 PUT /api/notes/nhSEdL7w35Li/data with 0 bytes took 3ms
15:34:24.618 200 GET /api/notes/nhSEdL7w35Li/blob with 1650 bytes took 0ms
15:34:25.621 204 PUT /api/notes/nhSEdL7w35Li/data with 0 bytes took 2ms
15:34:25.624 200 GET /api/notes/nhSEdL7w35Li/blob with 1658 bytes took 1ms
15:34:26.625 204 PUT /api/notes/nhSEdL7w35Li/data with 0 bytes took 1ms
15:34:26.627 200 GET /api/notes/nhSEdL7w35Li/blob with 1658 bytes took 0ms
15:34:27.630 204 PUT /api/notes/nhSEdL7w35Li/data with 0 bytes took 1ms
15:34:27.633 200 GET /api/notes/nhSEdL7w35Li/blob with 1664 bytes took 0ms
15:34:28.635 204 PUT /api/notes/nhSEdL7w35Li/data with 0 bytes took 1ms
15:34:28.638 200 GET /api/notes/nhSEdL7w35Li/blob with 1663 bytes took 0ms
15:34:29.641 204 PUT /api/notes/nhSEdL7w35Li/data with 0 bytes took 2ms
15:34:29.643 200 GET /api/notes/nhSEdL7w35Li/blob with 1669 bytes took 0ms
15:34:30.646 204 PUT /api/notes/nhSEdL7w35Li/data with 0 bytes took 3ms
15:34:30.648 200 GET /api/notes/nhSEdL7w35Li/blob with 1670 bytes took 0ms
15:34:31.649 204 PUT /api/notes/nhSEdL7w35Li/data with 0 bytes took 1ms
15:34:31.652 200 GET /api/notes/nhSEdL7w35Li/blob with 1679 bytes took 0ms
15:34:32.653 204 PUT /api/notes/nhSEdL7w35Li/data with 0 bytes took 1ms
15:34:32.656 200 GET /api/notes/nhSEdL7w35Li/blob with 1680 bytes took 0ms
15:34:33.657 204 PUT /api/notes/nhSEdL7w35Li/data with 0 bytes took 1ms
15:34:33.660 200 GET /api/notes/nhSEdL7w35Li/blob with 1673 bytes took 0ms
15:34:34.662 204 PUT /api/notes/nhSEdL7w35Li/data with 0 bytes took 1ms
15:34:34.665 200 GET /api/notes/nhSEdL7w35Li/blob with 1672 bytes took 0ms
15:34:35.666 204 PUT /api/notes/nhSEdL7w35Li/data with 0 bytes took 1ms
15:34:35.669 200 GET /api/notes/nhSEdL7w35Li/blob with 1680 bytes took 1ms
15:34:36.670 204 PUT /api/notes/nhSEdL7w35Li/data with 0 bytes took 1ms
15:34:36.673 200 GET /api/notes/nhSEdL7w35Li/blob with 1688 bytes took 1ms
15:34:37.675 204 PUT /api/notes/nhSEdL7w35Li/data with 0 bytes took 1ms
15:34:37.678 200 GET /api/notes/nhSEdL7w35Li/blob with 1690 bytes took 0ms
15:34:38.678 204 PUT /api/notes/nhSEdL7w35Li/data with 0 bytes took 2ms
15:34:38.680 200 GET /api/notes/nhSEdL7w35Li/blob with 1697 bytes took 0ms
15:34:39.680 204 PUT /api/notes/nhSEdL7w35Li/data with 0 bytes took 2ms
15:34:39.682 200 GET /api/notes/nhSEdL7w35Li/blob with 1707 bytes took 0ms
15:34:40.682 204 PUT /api/notes/nhSEdL7w35Li/data with 0 bytes took 1ms
15:34:40.685 200 GET /api/notes/nhSEdL7w35Li/blob with 1718 bytes took 0ms
15:34:41.685 204 PUT /api/notes/nhSEdL7w35Li/data with 0 bytes took 1ms
15:34:41.687 200 GET /api/notes/nhSEdL7w35Li/blob with 1725 bytes took 0ms
15:34:42.688 204 PUT /api/notes/nhSEdL7w35Li/data with 0 bytes took 2ms
15:34:42.690 200 GET /api/notes/nhSEdL7w35Li/blob with 1729 bytes took 0ms
15:34:43.691 204 PUT /api/notes/nhSEdL7w35Li/data with 0 bytes took 1ms
15:34:43.694 200 GET /api/notes/nhSEdL7w35Li/blob with 1736 bytes took 1ms
15:34:44.695 204 PUT /api/notes/nhSEdL7w35Li/data with 0 bytes took 2ms
15:34:44.697 200 GET /api/notes/nhSEdL7w35Li/blob with 1747 bytes took 0ms
15:34:45.696 204 PUT /api/notes/nhSEdL7w35Li/data with 0 bytes took 1ms
15:34:45.699 200 GET /api/notes/nhSEdL7w35Li/blob with 1743 bytes took 1ms
15:34:46.698 204 PUT /api/notes/nhSEdL7w35Li/data with 0 bytes took 1ms
15:34:46.701 200 GET /api/notes/nhSEdL7w35Li/blob with 1747 bytes took 0ms
15:34:47.702 204 PUT /api/notes/nhSEdL7w35Li/data with 0 bytes took 1ms
15:34:47.705 200 GET /api/notes/nhSEdL7w35Li/blob with 1748 bytes took 0ms
15:34:48.707 204 PUT /api/notes/nhSEdL7w35Li/data with 0 bytes took 1ms
15:34:48.710 200 GET /api/notes/nhSEdL7w35Li/blob with 1758 bytes took 0ms
15:34:49.712 204 PUT /api/notes/nhSEdL7w35Li/data with 0 bytes took 1ms
15:34:49.715 200 GET /api/notes/nhSEdL7w35Li/blob with 1758 bytes took 0ms
15:34:50.723 204 PUT /api/notes/nhSEdL7w35Li/data with 0 bytes took 8ms
15:34:50.725 200 GET /api/notes/nhSEdL7w35Li/blob with 1767 bytes took 0ms
15:34:51.724 204 PUT /api/notes/nhSEdL7w35Li/data with 0 bytes took 4ms
15:34:51.727 200 GET /api/notes/nhSEdL7w35Li/blob with 1776 bytes took 0ms
15:34:52.723 204 PUT /api/notes/nhSEdL7w35Li/data with 0 bytes took 1ms
15:34:52.726 200 GET /api/notes/nhSEdL7w35Li/blob with 1779 bytes took 0ms
15:34:53.726 204 PUT /api/notes/nhSEdL7w35Li/data with 0 bytes took 1ms
15:34:53.729 200 GET /api/notes/nhSEdL7w35Li/blob with 1786 bytes took 0ms
15:34:54.731 204 PUT /api/notes/nhSEdL7w35Li/data with 0 bytes took 1ms
15:34:54.734 200 GET /api/notes/nhSEdL7w35Li/blob with 1796 bytes took 0ms
15:34:55.733 204 PUT /api/notes/nhSEdL7w35Li/data with 0 bytes took 1ms
15:34:55.735 200 GET /api/notes/nhSEdL7w35Li/blob with 1804 bytes took 0ms
15:34:56.737 204 PUT /api/notes/nhSEdL7w35Li/data with 0 bytes took 2ms
15:34:56.739 200 GET /api/notes/nhSEdL7w35Li/blob with 1807 bytes took 0ms
15:34:57.741 204 PUT /api/notes/nhSEdL7w35Li/data with 0 bytes took 2ms
15:34:57.743 200 GET /api/notes/nhSEdL7w35Li/blob with 1816 bytes took 0ms
15:34:58.745 204 PUT /api/notes/nhSEdL7w35Li/data with 0 bytes took 1ms
15:35:00.693 204 PUT /api/notes/nhSEdL7w35Li/data with 0 bytes took 1ms
15:35:00.697 200 GET /api/notes/nhSEdL7w35Li/blob with 1812 bytes took 1ms
15:35:01.697 204 PUT /api/notes/nhSEdL7w35Li/data with 0 bytes took 1ms
15:35:01.700 200 GET /api/notes/nhSEdL7w35Li/blob with 1816 bytes took 0ms
15:35:02.700 204 PUT /api/notes/nhSEdL7w35Li/data with 0 bytes took 2ms
15:35:02.703 200 GET /api/notes/nhSEdL7w35Li/blob with 1822 bytes took 0ms
15:35:04.473 204 PUT /api/notes/nhSEdL7w35Li/data with 0 bytes took 1ms
15:35:04.475 200 GET /api/notes/nhSEdL7w35Li/blob with 1818 bytes took 0ms
15:35:05.477 204 PUT /api/notes/nhSEdL7w35Li/data with 0 bytes took 2ms
15:35:05.480 200 GET /api/notes/nhSEdL7w35Li/blob with 1826 bytes took 1ms
15:35:06.481 204 PUT /api/notes/nhSEdL7w35Li/data with 0 bytes took 1ms
15:35:06.484 200 GET /api/notes/nhSEdL7w35Li/blob with 1823 bytes took 0ms
15:35:07.485 204 PUT /api/notes/nhSEdL7w35Li/data with 0 bytes took 2ms
15:35:07.488 200 GET /api/notes/nhSEdL7w35Li/blob with 1829 bytes took 1ms
15:35:08.488 204 PUT /api/notes/nhSEdL7w35Li/data with 0 bytes took 1ms
15:35:08.490 200 GET /api/notes/nhSEdL7w35Li/blob with 1844 bytes took 0ms
15:35:09.493 204 PUT /api/notes/nhSEdL7w35Li/data with 0 bytes took 2ms
15:35:09.496 200 GET /api/notes/nhSEdL7w35Li/blob with 1838 bytes took 0ms
15:35:10.494 204 PUT /api/notes/nhSEdL7w35Li/data with 0 bytes took 1ms
15:35:10.497 200 GET /api/notes/nhSEdL7w35Li/blob with 1839 bytes took 0ms
15:35:11.498 204 PUT /api/notes/nhSEdL7w35Li/data with 0 bytes took 1ms
15:35:11.500 200 GET /api/notes/nhSEdL7w35Li/blob with 1843 bytes took 0ms
15:35:12.501 204 PUT /api/notes/nhSEdL7w35Li/data with 0 bytes took 1ms
15:35:12.504 200 GET /api/notes/nhSEdL7w35Li/blob with 1855 bytes took 0ms
15:35:13.504 204 PUT /api/notes/nhSEdL7w35Li/data with 0 bytes took 1ms
15:35:13.507 200 GET /api/notes/nhSEdL7w35Li/blob with 1858 bytes took 0ms
15:35:14.509 204 PUT /api/notes/nhSEdL7w35Li/data with 0 bytes took 3ms
15:35:14.511 200 GET /api/notes/nhSEdL7w35Li/blob with 1867 bytes took 0ms
15:35:15.513 204 PUT /api/notes/nhSEdL7w35Li/data with 0 bytes took 1ms
15:35:15.518 200 GET /api/notes/nhSEdL7w35Li/blob with 1880 bytes took 1ms
15:35:16.519 204 PUT /api/notes/nhSEdL7w35Li/data with 0 bytes took 2ms
15:35:16.521 200 GET /api/notes/nhSEdL7w35Li/blob with 1881 bytes took 0ms
15:35:17.522 204 PUT /api/notes/nhSEdL7w35Li/data with 0 bytes took 1ms
15:35:17.525 200 GET /api/notes/nhSEdL7w35Li/blob with 1888 bytes took 1ms
15:35:18.524 204 PUT /api/notes/nhSEdL7w35Li/data with 0 bytes took 1ms
15:35:18.527 200 GET /api/notes/nhSEdL7w35Li/blob with 1889 bytes took 0ms
15:35:19.530 204 PUT /api/notes/nhSEdL7w35Li/data with 0 bytes took 2ms
15:35:19.533 200 GET /api/notes/nhSEdL7w35Li/blob with 1896 bytes took 1ms
15:35:20.532 204 PUT /api/notes/nhSEdL7w35Li/data with 0 bytes took 2ms
15:35:20.534 200 GET /api/notes/nhSEdL7w35Li/blob with 1895 bytes took 0ms
15:35:21.536 204 PUT /api/notes/nhSEdL7w35Li/data with 0 bytes took 1ms
15:35:21.539 200 GET /api/notes/nhSEdL7w35Li/blob with 1902 bytes took 0ms
15:35:22.541 204 PUT /api/notes/nhSEdL7w35Li/data with 0 bytes took 1ms
15:35:22.544 200 GET /api/notes/nhSEdL7w35Li/blob with 1907 bytes took 1ms
15:35:23.545 204 PUT /api/notes/nhSEdL7w35Li/data with 0 bytes took 1ms
15:35:23.547 200 GET /api/notes/nhSEdL7w35Li/blob with 1908 bytes took 0ms
15:35:24.550 204 PUT /api/notes/nhSEdL7w35Li/data with 0 bytes took 1ms
15:35:24.553 200 GET /api/notes/nhSEdL7w35Li/blob with 1909 bytes took 0ms
15:35:26.118 204 PUT /api/notes/nhSEdL7w35Li/data with 0 bytes took 1ms
15:35:26.121 200 GET /api/notes/nhSEdL7w35Li/blob with 1905 bytes took 0ms
15:35:27.123 204 PUT /api/notes/nhSEdL7w35Li/data with 0 bytes took 1ms
15:35:27.126 200 GET /api/notes/nhSEdL7w35Li/blob with 1917 bytes took 0ms
15:35:28.128 204 PUT /api/notes/nhSEdL7w35Li/data with 0 bytes took 1ms
15:35:28.130 200 GET /api/notes/nhSEdL7w35Li/blob with 1914 bytes took 0ms
15:35:29.130 204 PUT /api/notes/nhSEdL7w35Li/data with 0 bytes took 1ms
15:35:29.132 200 GET /api/notes/nhSEdL7w35Li/blob with 1917 bytes took 0ms
15:35:30.134 204 PUT /api/notes/nhSEdL7w35Li/data with 0 bytes took 2ms
15:35:30.136 200 GET /api/notes/nhSEdL7w35Li/blob with 1925 bytes took 0ms
15:35:31.139 204 PUT /api/notes/nhSEdL7w35Li/data with 0 bytes took 1ms
15:35:31.142 200 GET /api/notes/nhSEdL7w35Li/blob with 1932 bytes took 0ms
15:35:32.142 204 PUT /api/notes/nhSEdL7w35Li/data with 0 bytes took 1ms
15:35:32.145 200 GET /api/notes/nhSEdL7w35Li/blob with 1947 bytes took 1ms
15:35:35.389 204 PUT /api/notes/nhSEdL7w35Li/data with 0 bytes took 2ms
15:35:35.392 200 GET /api/notes/nhSEdL7w35Li/blob with 1943 bytes took 1ms
15:35:36.391 204 PUT /api/notes/nhSEdL7w35Li/data with 0 bytes took 1ms
15:35:36.394 200 GET /api/notes/nhSEdL7w35Li/blob with 1950 bytes took 0ms
15:35:37.395 204 PUT /api/notes/nhSEdL7w35Li/data with 0 bytes took 2ms
15:35:37.397 200 GET /api/notes/nhSEdL7w35Li/blob with 1950 bytes took 0ms
15:35:41.866 204 PUT /api/notes/nhSEdL7w35Li/data with 0 bytes took 1ms
15:35:41.870 200 GET /api/notes/nhSEdL7w35Li/blob with 1930 bytes took 0ms
15:35:42.869 204 PUT /api/notes/nhSEdL7w35Li/data with 0 bytes took 1ms
15:35:42.872 200 GET /api/notes/nhSEdL7w35Li/blob with 1943 bytes took 0ms
15:35:43.949 204 PUT /api/notes/nhSEdL7w35Li/data with 0 bytes took 1ms
15:35:43.952 200 GET /api/notes/nhSEdL7w35Li/blob with 1939 bytes took 0ms
15:35:44.954 204 PUT /api/notes/nhSEdL7w35Li/data with 0 bytes took 2ms
15:35:44.957 200 GET /api/notes/nhSEdL7w35Li/blob with 1946 bytes took 0ms
15:35:45.957 204 PUT /api/notes/nhSEdL7w35Li/data with 0 bytes took 1ms
15:35:45.959 200 GET /api/notes/nhSEdL7w35Li/blob with 1953 bytes took 0ms
15:35:46.960 204 PUT /api/notes/nhSEdL7w35Li/data with 0 bytes took 1ms
15:35:46.963 200 GET /api/notes/nhSEdL7w35Li/blob with 1962 bytes took 1ms
15:35:47.963 204 PUT /api/notes/nhSEdL7w35Li/data with 0 bytes took 2ms
15:35:47.965 200 GET /api/notes/nhSEdL7w35Li/blob with 1969 bytes took 0ms
15:35:48.967 204 PUT /api/notes/nhSEdL7w35Li/data with 0 bytes took 2ms
15:35:48.969 200 GET /api/notes/nhSEdL7w35Li/blob with 1974 bytes took 0ms
15:35:49.975 204 PUT /api/notes/nhSEdL7w35Li/data with 0 bytes took 6ms
15:35:49.977 200 GET /api/notes/nhSEdL7w35Li/blob with 1979 bytes took 0ms
15:35:50.976 204 PUT /api/notes/nhSEdL7w35Li/data with 0 bytes took 4ms
15:35:50.979 200 GET /api/notes/nhSEdL7w35Li/blob with 1979 bytes took 0ms
15:35:51.976 204 PUT /api/notes/nhSEdL7w35Li/data with 0 bytes took 2ms
15:35:51.978 200 GET /api/notes/nhSEdL7w35Li/blob with 1988 bytes took 0ms
15:35:52.977 204 PUT /api/notes/nhSEdL7w35Li/data with 0 bytes took 1ms
15:35:52.980 200 GET /api/notes/nhSEdL7w35Li/blob with 1996 bytes took 1ms
15:35:53.982 204 PUT /api/notes/nhSEdL7w35Li/data with 0 bytes took 1ms
15:35:53.985 200 GET /api/notes/nhSEdL7w35Li/blob with 2006 bytes took 1ms
15:35:54.988 204 PUT /api/notes/nhSEdL7w35Li/data with 0 bytes took 2ms
15:35:54.990 200 GET /api/notes/nhSEdL7w35Li/blob with 2015 bytes took 0ms
15:35:55.991 204 PUT /api/notes/nhSEdL7w35Li/data with 0 bytes took 2ms
15:35:55.993 200 GET /api/notes/nhSEdL7w35Li/blob with 2028 bytes took 0ms
15:35:56.997 204 PUT /api/notes/nhSEdL7w35Li/data with 0 bytes took 2ms
15:35:56.999 200 GET /api/notes/nhSEdL7w35Li/blob with 2030 bytes took 0ms
15:36:05.544 204 PUT /api/notes/nhSEdL7w35Li/data with 0 bytes took 1ms
15:36:05.549 200 GET /api/notes/nhSEdL7w35Li/blob with 2026 bytes took 0ms
15:36:06.549 204 PUT /api/notes/nhSEdL7w35Li/data with 0 bytes took 2ms
15:36:06.551 200 GET /api/notes/nhSEdL7w35Li/blob with 2031 bytes took 0ms
15:36:07.553 204 PUT /api/notes/nhSEdL7w35Li/data with 0 bytes took 1ms
15:36:08.558 204 PUT /api/notes/nhSEdL7w35Li/data with 0 bytes took 1ms
15:36:08.561 200 GET /api/notes/nhSEdL7w35Li/blob with 2033 bytes took 0ms
15:36:09.561 204 PUT /api/notes/nhSEdL7w35Li/data with 0 bytes took 1ms
15:36:09.564 200 GET /api/notes/nhSEdL7w35Li/blob with 2031 bytes took 0ms
15:36:10.563 204 PUT /api/notes/nhSEdL7w35Li/data with 0 bytes took 1ms
15:36:10.566 200 GET /api/notes/nhSEdL7w35Li/blob with 2036 bytes took 0ms
15:36:15.889 204 PUT /api/notes/nhSEdL7w35Li/data with 0 bytes took 2ms
15:36:15.894 200 GET /api/notes/nhSEdL7w35Li/blob with 2031 bytes took 1ms
15:36:16.894 204 PUT /api/notes/nhSEdL7w35Li/data with 0 bytes took 2ms
15:36:16.896 200 GET /api/notes/nhSEdL7w35Li/blob with 2032 bytes took 0ms
15:36:17.895 204 PUT /api/notes/nhSEdL7w35Li/data with 0 bytes took 1ms
15:36:17.899 200 GET /api/notes/nhSEdL7w35Li/blob with 2034 bytes took 1ms
15:36:18.898 204 PUT /api/notes/nhSEdL7w35Li/data with 0 bytes took 1ms
15:36:18.901 200 GET /api/notes/nhSEdL7w35Li/blob with 2035 bytes took 0ms
15:36:19.901 204 PUT /api/notes/nhSEdL7w35Li/data with 0 bytes took 1ms
15:36:19.903 200 GET /api/notes/nhSEdL7w35Li/blob with 2036 bytes took 0ms
15:36:20.904 204 PUT /api/notes/nhSEdL7w35Li/data with 0 bytes took 1ms
15:36:20.907 200 GET /api/notes/nhSEdL7w35Li/blob with 2038 bytes took 0ms
15:36:25.290 204 PUT /api/notes/nhSEdL7w35Li/data with 0 bytes took 1ms
15:36:25.293 200 GET /api/notes/nhSEdL7w35Li/blob with 1954 bytes took 1ms
15:36:26.292 204 PUT /api/notes/nhSEdL7w35Li/data with 0 bytes took 1ms
15:36:26.295 200 GET /api/notes/nhSEdL7w35Li/blob with 1941 bytes took 1ms
15:36:32.343 204 PUT /api/notes/nhSEdL7w35Li/data with 0 bytes took 2ms
15:36:32.348 200 GET /api/notes/nhSEdL7w35Li/blob with 1873 bytes took 1ms
15:36:33.347 204 PUT /api/notes/nhSEdL7w35Li/data with 0 bytes took 1ms
15:36:33.350 200 GET /api/notes/nhSEdL7w35Li/blob with 1860 bytes took 0ms
15:36:34.848 204 PUT /api/notes/nhSEdL7w35Li/data with 0 bytes took 2ms
15:36:34.851 200 GET /api/notes/nhSEdL7w35Li/blob with 1855 bytes took 1ms
15:36:35.852 204 PUT /api/notes/nhSEdL7w35Li/data with 0 bytes took 2ms
15:36:35.855 200 GET /api/notes/nhSEdL7w35Li/blob with 1864 bytes took 1ms
15:36:36.855 204 PUT /api/notes/nhSEdL7w35Li/data with 0 bytes took 1ms
15:36:36.858 200 GET /api/notes/nhSEdL7w35Li/blob with 1875 bytes took 1ms
15:36:37.860 204 PUT /api/notes/nhSEdL7w35Li/data with 0 bytes took 2ms
15:36:37.862 200 GET /api/notes/nhSEdL7w35Li/blob with 1875 bytes took 0ms
15:36:38.864 204 PUT /api/notes/nhSEdL7w35Li/data with 0 bytes took 1ms
15:36:39.866 204 PUT /api/notes/nhSEdL7w35Li/data with 0 bytes took 1ms
15:36:39.868 200 GET /api/notes/nhSEdL7w35Li/blob with 1857 bytes took 0ms
15:36:40.868 204 PUT /api/notes/nhSEdL7w35Li/data with 0 bytes took 1ms
15:36:40.871 200 GET /api/notes/nhSEdL7w35Li/blob with 1866 bytes took 1ms
15:36:41.876 204 PUT /api/notes/nhSEdL7w35Li/data with 0 bytes took 1ms
15:36:41.879 200 GET /api/notes/nhSEdL7w35Li/blob with 1879 bytes took 1ms
15:36:42.879 204 PUT /api/notes/nhSEdL7w35Li/data with 0 bytes took 1ms
15:36:42.882 200 GET /api/notes/nhSEdL7w35Li/blob with 1882 bytes took 1ms
15:36:43.881 204 PUT /api/notes/nhSEdL7w35Li/data with 0 bytes took 1ms
15:36:43.884 200 GET /api/notes/nhSEdL7w35Li/blob with 1897 bytes took 0ms
15:36:44.883 204 PUT /api/notes/nhSEdL7w35Li/data with 0 bytes took 2ms
15:36:44.885 200 GET /api/notes/nhSEdL7w35Li/blob with 1897 bytes took 0ms
15:36:45.885 204 PUT /api/notes/nhSEdL7w35Li/data with 0 bytes took 1ms
15:36:45.888 200 GET /api/notes/nhSEdL7w35Li/blob with 1909 bytes took 0ms
15:36:47.994 204 PUT /api/notes/nhSEdL7w35Li/data with 0 bytes took 2ms
15:36:47.996 200 GET /api/notes/nhSEdL7w35Li/blob with 1905 bytes took 0ms
15:36:48.998 204 PUT /api/notes/nhSEdL7w35Li/data with 0 bytes took 1ms
15:36:49.005 200 GET /api/notes/nhSEdL7w35Li/blob with 1912 bytes took 1ms
15:36:50.003 204 PUT /api/notes/nhSEdL7w35Li/data with 0 bytes took 2ms
15:36:50.006 200 GET /api/notes/nhSEdL7w35Li/blob with 1921 bytes took 1ms
15:36:51.008 204 PUT /api/notes/nhSEdL7w35Li/data with 0 bytes took 2ms
15:36:51.010 200 GET /api/notes/nhSEdL7w35Li/blob with 1927 bytes took 0ms
15:36:52.012 204 PUT /api/notes/nhSEdL7w35Li/data with 0 bytes took 1ms
15:36:52.015 200 GET /api/notes/nhSEdL7w35Li/blob with 1941 bytes took 1ms
15:36:53.018 204 PUT /api/notes/nhSEdL7w35Li/data with 0 bytes took 1ms
15:36:53.020 200 GET /api/notes/nhSEdL7w35Li/blob with 1938 bytes took 0ms
15:36:54.018 204 PUT /api/notes/nhSEdL7w35Li/data with 0 bytes took 0ms
15:36:55.023 204 PUT /api/notes/nhSEdL7w35Li/data with 0 bytes took 2ms
15:36:55.025 200 GET /api/notes/nhSEdL7w35Li/blob with 1946 bytes took 0ms
15:36:56.026 204 PUT /api/notes/nhSEdL7w35Li/data with 0 bytes took 1ms
15:36:56.029 200 GET /api/notes/nhSEdL7w35Li/blob with 1948 bytes took 0ms
15:36:57.029 204 PUT /api/notes/nhSEdL7w35Li/data with 0 bytes took 1ms
15:36:57.032 200 GET /api/notes/nhSEdL7w35Li/blob with 1946 bytes took 1ms
15:36:58.030 204 PUT /api/notes/nhSEdL7w35Li/data with 0 bytes took 1ms
15:36:58.033 200 GET /api/notes/nhSEdL7w35Li/blob with 1939 bytes took 1ms
15:36:59.033 204 PUT /api/notes/nhSEdL7w35Li/data with 0 bytes took 1ms
15:36:59.036 200 GET /api/notes/nhSEdL7w35Li/blob with 1944 bytes took 1ms
15:37:00.037 204 PUT /api/notes/nhSEdL7w35Li/data with 0 bytes took 2ms
15:37:00.040 200 GET /api/notes/nhSEdL7w35Li/blob with 1956 bytes took 0ms
15:37:01.039 204 PUT /api/notes/nhSEdL7w35Li/data with 0 bytes took 2ms
15:37:01.041 200 GET /api/notes/nhSEdL7w35Li/blob with 1959 bytes took 0ms
15:37:02.044 204 PUT /api/notes/nhSEdL7w35Li/data with 0 bytes took 1ms
15:37:02.047 200 GET /api/notes/nhSEdL7w35Li/blob with 1968 bytes took 1ms
15:37:03.050 204 PUT /api/notes/nhSEdL7w35Li/data with 0 bytes took 1ms
15:37:03.053 200 GET /api/notes/nhSEdL7w35Li/blob with 1979 bytes took 0ms
15:37:04.055 204 PUT /api/notes/nhSEdL7w35Li/data with 0 bytes took 1ms
15:37:04.058 200 GET /api/notes/nhSEdL7w35Li/blob with 1989 bytes took 1ms
15:37:05.064 204 PUT /api/notes/nhSEdL7w35Li/data with 0 bytes took 7ms
15:37:05.067 200 GET /api/notes/nhSEdL7w35Li/blob with 1993 bytes took 1ms
15:37:06.062 204 PUT /api/notes/nhSEdL7w35Li/data with 0 bytes took 4ms
15:37:06.065 200 GET /api/notes/nhSEdL7w35Li/blob with 1995 bytes took 0ms
15:37:07.062 204 PUT /api/notes/nhSEdL7w35Li/data with 0 bytes took 1ms
15:37:07.065 200 GET /api/notes/nhSEdL7w35Li/blob with 2003 bytes took 1ms
15:37:08.064 204 PUT /api/notes/nhSEdL7w35Li/data with 0 bytes took 1ms
15:37:08.066 200 GET /api/notes/nhSEdL7w35Li/blob with 2016 bytes took 0ms
15:37:09.067 204 PUT /api/notes/nhSEdL7w35Li/data with 0 bytes took 1ms
15:37:09.069 200 GET /api/notes/nhSEdL7w35Li/blob with 2020 bytes took 0ms
15:37:10.071 204 PUT /api/notes/nhSEdL7w35Li/data with 0 bytes took 2ms
15:37:10.073 200 GET /api/notes/nhSEdL7w35Li/blob with 2028 bytes took 0ms
15:37:11.074 204 PUT /api/notes/nhSEdL7w35Li/data with 0 bytes took 3ms
15:37:11.076 200 GET /api/notes/nhSEdL7w35Li/blob with 2037 bytes took 0ms
15:37:12.556 204 PUT /api/notes/nhSEdL7w35Li/data with 0 bytes took 1ms
15:37:12.559 200 GET /api/notes/nhSEdL7w35Li/blob with 2033 bytes took 1ms
15:37:13.560 204 PUT /api/notes/nhSEdL7w35Li/data with 0 bytes took 1ms
15:37:13.563 200 GET /api/notes/nhSEdL7w35Li/blob with 2042 bytes took 1ms
15:37:14.563 204 PUT /api/notes/nhSEdL7w35Li/data with 0 bytes took 1ms
15:37:14.566 200 GET /api/notes/nhSEdL7w35Li/blob with 2049 bytes took 0ms
15:37:15.565 204 PUT /api/notes/nhSEdL7w35Li/data with 0 bytes took 1ms
15:37:15.568 200 GET /api/notes/nhSEdL7w35Li/blob with 2061 bytes took 0ms
15:37:16.568 204 PUT /api/notes/nhSEdL7w35Li/data with 0 bytes took 1ms
15:37:16.571 200 GET /api/notes/nhSEdL7w35Li/blob with 2064 bytes took 1ms
15:37:17.570 204 PUT /api/notes/nhSEdL7w35Li/data with 0 bytes took 2ms
15:37:17.572 200 GET /api/notes/nhSEdL7w35Li/blob with 2070 bytes took 0ms
15:37:18.573 204 PUT /api/notes/nhSEdL7w35Li/data with 0 bytes took 2ms
15:37:18.575 200 GET /api/notes/nhSEdL7w35Li/blob with 2072 bytes took 0ms
15:37:19.580 204 PUT /api/notes/nhSEdL7w35Li/data with 0 bytes took 4ms
15:37:19.583 200 GET /api/notes/nhSEdL7w35Li/blob with 2078 bytes took 0ms
15:37:24.271 204 PUT /api/options with 0 bytes took 1ms
15:37:25.375 200 GET /api/note-map/_optionsSpellcheck/backlink-count with 11 bytes took 1ms
15:37:25.379 200 GET /api/options with 7590 bytes took 1ms
15:37:25.400 204 PUT /api/options with 0 bytes took 1ms
15:37:26.772 200 GET /api/search/%23workspace%20%23!template with 2 bytes took 0ms
15:37:26.784 200 GET /api/search/%23workspace%20%23!template with 2 bytes took 0ms
15:37:26.786 204 PUT /api/options with 0 bytes took 1ms
15:37:27.755 200 GET /api/notes/iLXZWCglWOmz/blob with 155 bytes took 1ms
15:37:27.755 200 GET /api/note-map/iLXZWCglWOmz/backlink-count with 11 bytes took 0ms
15:37:27.849 204 PUT /api/options with 0 bytes took 1ms
15:37:28.696 200 GET /api/note-map/_optionsAppearance/backlink-count with 11 bytes took 0ms
15:37:28.697 200 GET /api/options with 7231 bytes took 0ms
15:37:28.712 200 GET /api/options/user-themes with 2 bytes took 1ms
15:37:28.713 200 GET /api/options with 7231 bytes took 1ms
15:37:28.714 200 GET /api/options with 7231 bytes took 0ms
15:37:28.720 200 GET /api/options with 7231 bytes took 1ms
15:37:28.723 200 GET /api/options with 7231 bytes took 0ms
15:37:28.724 200 GET /api/options with 7231 bytes took 0ms
15:37:28.851 204 PUT /api/options with 0 bytes took 0ms
15:37:29.688 200 GET /api/notes/78xzZpRb5R3u/blob with 230 bytes took 1ms
15:37:29.688 200 GET /api/note-map/78xzZpRb5R3u/backlink-count with 11 bytes took 0ms
15:37:29.853 204 PUT /api/options with 0 bytes took 0ms
15:37:34.139 200 GET /api/search/%23workspace%20%23!template with 2 bytes took 0ms
15:37:34.156 200 GET /api/search/%23workspace%20%23!template with 2 bytes took 1ms
15:37:34.160 204 PUT /api/options with 0 bytes took 0ms
15:37:35.165 204 PUT /api/options with 0 bytes took 0ms
15:37:35.276 200 GET /api/note-map/DLaQRwrw3qIe/backlink-count with 11 bytes took 0ms
15:37:36.167 204 PUT /api/options with 0 bytes took 1ms
15:37:38.118 200 GET /api/search/%23workspace%20%23!template with 2 bytes took 1ms
15:37:38.132 204 PUT /api/options with 0 bytes took 0ms
15:37:39.580 204 PUT /api/branches/root_XWiojJtBlmel/expanded/0 with 0 bytes took 0ms
15:37:40.460 204 PUT /api/branches/root_Yu8QnABxIjTK/expanded/0 with 0 bytes took 0ms
15:37:42.772 200 GET /api/notes/root/blob with 155 bytes took 0ms
15:37:42.773 200 GET /api/note-map/root/backlink-count with 11 bytes took 0ms
15:37:42.776 204 PUT /api/options with 0 bytes took 1ms
15:37:42.965 200 GET /api/notes/XWiojJtBlmel/blob with 155 bytes took 0ms
15:37:42.967 200 GET /api/notes/Yu8QnABxIjTK/blob with 268 bytes took 0ms
15:37:42.968 200 GET /api/notes/cTf99oLEiSZl/blob with 380 bytes took 0ms
15:37:42.970 200 GET /api/notes/Y5qtPsxzmJLD/blob with 155 bytes took 0ms
15:37:42.971 200 POST /api/tree/load with 1456 bytes took 1ms
15:37:42.976 200 GET /api/notes/hor0X6yIv73X/blob with 155 bytes took 0ms
15:37:43.649 Created new note 'FVmaFEDzt0NT', branch 'root_FVmaFEDzt0NT' of type 'text', mime 'text/html'
15:37:43.650 200 POST /api/notes/root/children?target=into&targetBranchId= with 538 bytes took 3ms
15:37:43.652 200 POST /api/tree/load with 1307 bytes took 0ms
15:37:43.666 200 GET /api/notes/FVmaFEDzt0NT/blob with 155 bytes took 0ms
15:37:43.667 200 GET /api/note-map/FVmaFEDzt0NT/backlink-count with 11 bytes took 0ms
15:37:43.777 204 PUT /api/options with 0 bytes took 0ms
15:37:44.798 200 PUT /api/notes/FVmaFEDzt0NT/title with 320 bytes took 0ms
15:37:44.803 200 GET /api/notes/FVmaFEDzt0NT/blob with 155 bytes took 0ms
15:37:45.800 200 PUT /api/notes/FVmaFEDzt0NT/title with 325 bytes took 1ms
15:37:46.836 204 PUT /api/notes/FVmaFEDzt0NT/data with 0 bytes took 1ms
15:37:46.840 200 GET /api/notes/FVmaFEDzt0NT/blob with 163 bytes took 0ms
15:37:47.841 204 PUT /api/notes/FVmaFEDzt0NT/data with 0 bytes took 1ms
15:37:47.844 200 GET /api/notes/FVmaFEDzt0NT/blob with 170 bytes took 1ms
15:37:48.845 204 PUT /api/notes/FVmaFEDzt0NT/data with 0 bytes took 1ms
15:37:48.848 200 GET /api/notes/FVmaFEDzt0NT/blob with 177 bytes took 1ms
15:37:49.848 204 PUT /api/notes/FVmaFEDzt0NT/data with 0 bytes took 2ms
15:37:49.851 200 GET /api/notes/FVmaFEDzt0NT/blob with 184 bytes took 1ms
15:37:50.848 204 PUT /api/notes/FVmaFEDzt0NT/data with 0 bytes took 1ms
15:37:50.851 200 GET /api/notes/FVmaFEDzt0NT/blob with 186 bytes took 0ms
15:37:51.852 204 PUT /api/notes/FVmaFEDzt0NT/data with 0 bytes took 1ms
15:37:51.855 200 GET /api/notes/FVmaFEDzt0NT/blob with 196 bytes took 0ms
15:37:52.855 204 PUT /api/notes/FVmaFEDzt0NT/data with 0 bytes took 1ms
15:37:52.859 200 GET /api/notes/FVmaFEDzt0NT/blob with 204 bytes took 0ms
15:37:53.857 204 PUT /api/notes/FVmaFEDzt0NT/data with 0 bytes took 1ms
15:37:53.860 200 GET /api/notes/FVmaFEDzt0NT/blob with 205 bytes took 0ms
15:37:54.862 204 PUT /api/notes/FVmaFEDzt0NT/data with 0 bytes took 2ms
15:37:54.864 200 GET /api/notes/FVmaFEDzt0NT/blob with 212 bytes took 0ms
15:37:55.865 204 PUT /api/notes/FVmaFEDzt0NT/data with 0 bytes took 1ms
15:37:55.868 200 GET /api/notes/FVmaFEDzt0NT/blob with 219 bytes took 0ms
15:37:56.870 204 PUT /api/notes/FVmaFEDzt0NT/data with 0 bytes took 2ms
15:37:56.873 200 GET /api/notes/FVmaFEDzt0NT/blob with 229 bytes took 1ms
15:37:57.871 204 PUT /api/notes/FVmaFEDzt0NT/data with 0 bytes took 1ms
15:37:57.874 200 GET /api/notes/FVmaFEDzt0NT/blob with 236 bytes took 1ms
15:37:58.875 204 PUT /api/notes/FVmaFEDzt0NT/data with 0 bytes took 1ms
15:37:58.877 200 GET /api/notes/FVmaFEDzt0NT/blob with 239 bytes took 0ms
15:37:59.878 204 PUT /api/notes/FVmaFEDzt0NT/data with 0 bytes took 1ms
15:37:59.881 200 GET /api/notes/FVmaFEDzt0NT/blob with 245 bytes took 1ms
15:38:00.880 204 PUT /api/notes/FVmaFEDzt0NT/data with 0 bytes took 1ms
15:38:00.883 200 GET /api/notes/FVmaFEDzt0NT/blob with 255 bytes took 0ms
15:38:01.885 204 PUT /api/notes/FVmaFEDzt0NT/data with 0 bytes took 1ms
15:38:01.888 200 GET /api/notes/FVmaFEDzt0NT/blob with 258 bytes took 0ms
15:38:02.887 204 PUT /api/notes/FVmaFEDzt0NT/data with 0 bytes took 1ms
15:38:02.890 200 GET /api/notes/FVmaFEDzt0NT/blob with 276 bytes took 1ms
15:38:03.891 204 PUT /api/notes/FVmaFEDzt0NT/data with 0 bytes took 1ms
15:38:03.893 200 GET /api/notes/FVmaFEDzt0NT/blob with 271 bytes took 0ms
15:38:04.892 204 PUT /api/notes/FVmaFEDzt0NT/data with 0 bytes took 1ms
15:38:04.895 200 GET /api/notes/FVmaFEDzt0NT/blob with 275 bytes took 0ms
15:38:05.895 204 PUT /api/notes/FVmaFEDzt0NT/data with 0 bytes took 1ms
15:38:05.898 200 GET /api/notes/FVmaFEDzt0NT/blob with 280 bytes took 0ms
15:38:06.899 204 PUT /api/notes/FVmaFEDzt0NT/data with 0 bytes took 2ms
15:38:06.901 200 GET /api/notes/FVmaFEDzt0NT/blob with 297 bytes took 0ms
15:38:07.900 204 PUT /api/notes/FVmaFEDzt0NT/data with 0 bytes took 2ms
15:38:07.902 200 GET /api/notes/FVmaFEDzt0NT/blob with 295 bytes took 0ms
15:38:08.901 204 PUT /api/notes/FVmaFEDzt0NT/data with 0 bytes took 1ms
15:38:08.904 200 GET /api/notes/FVmaFEDzt0NT/blob with 303 bytes took 0ms
15:38:09.903 204 PUT /api/notes/FVmaFEDzt0NT/data with 0 bytes took 1ms
15:38:09.906 200 GET /api/notes/FVmaFEDzt0NT/blob with 311 bytes took 0ms
15:38:10.904 204 PUT /api/notes/FVmaFEDzt0NT/data with 0 bytes took 0ms
15:38:11.909 204 PUT /api/notes/FVmaFEDzt0NT/data with 0 bytes took 1ms
15:38:11.911 200 GET /api/notes/FVmaFEDzt0NT/blob with 317 bytes took 0ms
15:38:12.911 204 PUT /api/notes/FVmaFEDzt0NT/data with 0 bytes took 1ms
15:38:12.914 200 GET /api/notes/FVmaFEDzt0NT/blob with 319 bytes took 0ms
15:38:13.914 204 PUT /api/notes/FVmaFEDzt0NT/data with 0 bytes took 1ms
15:38:13.917 200 GET /api/notes/FVmaFEDzt0NT/blob with 324 bytes took 0ms
15:38:14.917 204 PUT /api/notes/FVmaFEDzt0NT/data with 0 bytes took 2ms
15:38:14.919 200 GET /api/notes/FVmaFEDzt0NT/blob with 333 bytes took 0ms
15:38:15.926 204 PUT /api/notes/FVmaFEDzt0NT/data with 0 bytes took 7ms
15:38:15.929 200 GET /api/notes/FVmaFEDzt0NT/blob with 338 bytes took 0ms
15:38:19.687 200 GET /api/notes/FVmaFEDzt0NT/blob with 338 bytes took 0ms
15:38:24.254 204 PUT /api/notes/FVmaFEDzt0NT/data with 0 bytes took 5ms
15:38:24.258 200 GET /api/notes/FVmaFEDzt0NT/blob with 325 bytes took 0ms
15:38:25.254 204 PUT /api/notes/FVmaFEDzt0NT/data with 0 bytes took 1ms
15:38:25.257 200 GET /api/notes/FVmaFEDzt0NT/blob with 338 bytes took 0ms
15:38:26.259 204 PUT /api/notes/FVmaFEDzt0NT/data with 0 bytes took 1ms
15:38:26.262 200 GET /api/notes/FVmaFEDzt0NT/blob with 334 bytes took 0ms
15:38:27.263 204 PUT /api/notes/FVmaFEDzt0NT/data with 0 bytes took 1ms
15:38:27.266 200 GET /api/notes/FVmaFEDzt0NT/blob with 342 bytes took 1ms
15:38:28.266 204 PUT /api/notes/FVmaFEDzt0NT/data with 0 bytes took 1ms
15:38:28.269 200 GET /api/notes/FVmaFEDzt0NT/blob with 350 bytes took 0ms
15:38:29.271 204 PUT /api/notes/FVmaFEDzt0NT/data with 0 bytes took 2ms
15:38:29.274 200 GET /api/notes/FVmaFEDzt0NT/blob with 356 bytes took 1ms
15:38:31.728 204 PUT /api/notes/FVmaFEDzt0NT/data with 0 bytes took 1ms
15:38:31.733 200 GET /api/notes/FVmaFEDzt0NT/blob with 369 bytes took 0ms
15:38:32.731 204 PUT /api/notes/FVmaFEDzt0NT/data with 0 bytes took 1ms
15:38:32.733 200 GET /api/notes/FVmaFEDzt0NT/blob with 382 bytes took 0ms
15:38:33.734 204 PUT /api/notes/FVmaFEDzt0NT/data with 0 bytes took 2ms
15:38:33.736 200 GET /api/notes/FVmaFEDzt0NT/blob with 383 bytes took 0ms
15:38:34.736 204 PUT /api/notes/FVmaFEDzt0NT/data with 0 bytes took 2ms
15:38:34.738 200 GET /api/notes/FVmaFEDzt0NT/blob with 394 bytes took 0ms
15:38:35.738 204 PUT /api/notes/FVmaFEDzt0NT/data with 0 bytes took 1ms
15:38:35.740 200 GET /api/notes/FVmaFEDzt0NT/blob with 391 bytes took 0ms
15:38:36.743 204 PUT /api/notes/FVmaFEDzt0NT/data with 0 bytes took 1ms
15:38:36.745 200 GET /api/notes/FVmaFEDzt0NT/blob with 400 bytes took 0ms
15:38:37.749 204 PUT /api/notes/FVmaFEDzt0NT/data with 0 bytes took 1ms
15:38:37.752 200 GET /api/notes/FVmaFEDzt0NT/blob with 402 bytes took 1ms
15:38:38.754 204 PUT /api/notes/FVmaFEDzt0NT/data with 0 bytes took 2ms
15:38:38.756 200 GET /api/notes/FVmaFEDzt0NT/blob with 409 bytes took 0ms
15:38:39.757 204 PUT /api/notes/FVmaFEDzt0NT/data with 0 bytes took 3ms
15:38:39.760 200 GET /api/notes/FVmaFEDzt0NT/blob with 416 bytes took 0ms
15:38:40.762 204 PUT /api/notes/FVmaFEDzt0NT/data with 0 bytes took 2ms
15:38:40.765 200 GET /api/notes/FVmaFEDzt0NT/blob with 423 bytes took 1ms
15:38:41.765 204 PUT /api/notes/FVmaFEDzt0NT/data with 0 bytes took 1ms
15:38:41.768 200 GET /api/notes/FVmaFEDzt0NT/blob with 430 bytes took 0ms
15:38:42.769 204 PUT /api/notes/FVmaFEDzt0NT/data with 0 bytes took 1ms
15:38:42.772 200 GET /api/notes/FVmaFEDzt0NT/blob with 431 bytes took 0ms
15:38:43.772 204 PUT /api/notes/FVmaFEDzt0NT/data with 0 bytes took 1ms
15:38:43.775 200 GET /api/notes/FVmaFEDzt0NT/blob with 429 bytes took 0ms
15:38:44.774 204 PUT /api/notes/FVmaFEDzt0NT/data with 0 bytes took 1ms
15:38:44.776 200 GET /api/notes/FVmaFEDzt0NT/blob with 438 bytes took 0ms
15:38:45.777 204 PUT /api/notes/FVmaFEDzt0NT/data with 0 bytes took 1ms
15:38:45.779 200 GET /api/notes/FVmaFEDzt0NT/blob with 437 bytes took 0ms
15:38:48.807 Marking branches root_FVmaFEDzt0NT as deleted
15:38:48.808 200 PUT /api/branches/root_FVmaFEDzt0NT/move-to/root_XWiojJtBlmel with 234 bytes took 2ms
15:38:48.812 200 GET /api/tree?subTreeNoteId=XWiojJtBlmel with 4593 bytes took 0ms
15:38:58.462 200 GET /api/notes/XWiojJtBlmel/blob with 155 bytes took 0ms
15:38:58.463 200 GET /api/note-map/XWiojJtBlmel/backlink-count with 11 bytes took 0ms
15:38:58.468 204 PUT /api/options with 0 bytes took 1ms
15:38:58.486 200 GET /api/notes/iLXZWCglWOmz/blob with 155 bytes took 0ms
15:38:58.489 200 GET /api/notes/B64HC4WpercD/blob with 155 bytes took 0ms
15:38:58.491 200 POST /api/tree/load with 2332 bytes took 0ms
15:38:58.493 200 GET /api/notes/FVmaFEDzt0NT/blob with 437 bytes took 0ms
15:38:59.598 200 GET /api/notes/FVmaFEDzt0NT/blob with 437 bytes took 1ms
15:38:59.598 200 GET /api/note-map/FVmaFEDzt0NT/backlink-count with 11 bytes took 0ms
15:38:59.601 204 PUT /api/options with 0 bytes took 1ms
15:39:01.157 200 GET /api/notes/root/blob with 155 bytes took 0ms
15:39:01.158 200 GET /api/note-map/root/backlink-count with 11 bytes took 1ms
15:39:01.162 204 PUT /api/options with 0 bytes took 0ms
15:39:01.173 200 GET /api/notes/XWiojJtBlmel/blob with 155 bytes took 0ms
15:39:01.176 200 GET /api/notes/Yu8QnABxIjTK/blob with 268 bytes took 0ms
15:39:01.177 200 GET /api/notes/cTf99oLEiSZl/blob with 380 bytes took 0ms
15:39:01.178 200 GET /api/notes/Y5qtPsxzmJLD/blob with 155 bytes took 0ms
15:39:01.183 200 GET /api/notes/hor0X6yIv73X/blob with 155 bytes took 1ms
15:39:05.175 Marking branches XWiojJtBlmel_FVmaFEDzt0NT as deleted
15:39:05.176 Moved note FVmaFEDzt0NT, branch XWiojJtBlmel_FVmaFEDzt0NT before note XWiojJtBlmel, branch root_XWiojJtBlmel
15:39:05.176 200 PUT /api/branches/XWiojJtBlmel_FVmaFEDzt0NT/move-before/root_XWiojJtBlmel with 16 bytes took 2ms
15:39:06.542 200 GET /api/notes/XWiojJtBlmel/blob with 155 bytes took 0ms
15:39:06.542 200 GET /api/note-map/XWiojJtBlmel/backlink-count with 11 bytes took 0ms
15:39:06.545 204 PUT /api/options with 0 bytes took 1ms
15:39:06.656 200 GET /api/notes/iLXZWCglWOmz/blob with 155 bytes took 0ms
15:39:06.658 200 GET /api/notes/B64HC4WpercD/blob with 155 bytes took 0ms
15:39:07.141 204 PUT /api/branches/root_XWiojJtBlmel/expanded/0 with 0 bytes took 0ms
15:39:09.280 200 GET /api/search-templates with 2 bytes took 0ms
15:39:09.281 200 GET /api/search-templates with 2 bytes took 0ms
15:39:12.375 200 POST /api/delete-notes-preview with 150 bytes took 1ms
15:39:12.376 200 POST /api/tree/load with 3526 bytes took 0ms
15:39:15.138 Sending message to all clients: {"type":"taskProgressCount","taskId":"5QxqYD39Xr","taskType":"deleteNotes","data":null,"progressCount":0}
15:39:15.138 Marking branches root_hor0X6yIv73X as deleted
15:39:15.139 Marking branches hor0X6yIv73X_DadEg8YxAq9z as deleted
15:39:15.139 Marking branches DadEg8YxAq9z_ZjL06Mp2PgZc as deleted
15:39:15.139 Marking branches ZjL06Mp2PgZc_oTQDCqMAeMLw as deleted
15:39:15.139 Marking branches oTQDCqMAeMLw_JoGQk196jEN3 as deleted
15:39:15.139 Deleting note 'JoGQk196jEN3'
15:39:15.139 Marking notes JoGQk196jEN3 as deleted
15:39:15.139 Deleting note 'oTQDCqMAeMLw'
15:39:15.139 Marking attributes sFxkQbYnr7hd as deleted
15:39:15.140 Marking notes oTQDCqMAeMLw as deleted
15:39:15.140 Marking branches ZjL06Mp2PgZc_nrUN5XvPIVJu as deleted
15:39:15.140 Marking branches nrUN5XvPIVJu_bHEqDgbrdPw0 as deleted
15:39:15.140 Deleting note 'bHEqDgbrdPw0'
15:39:15.140 Marking notes bHEqDgbrdPw0 as deleted
15:39:15.140 Deleting note 'nrUN5XvPIVJu'
15:39:15.140 Marking attributes 4JTnqQn3vapT as deleted
15:39:15.141 Marking notes nrUN5XvPIVJu as deleted
15:39:15.141 Deleting note 'ZjL06Mp2PgZc'
15:39:15.141 Marking attributes GsPJR9AtVeGK as deleted
15:39:15.141 Marking attributes irZU4vTV140Y as deleted
15:39:15.141 Marking notes ZjL06Mp2PgZc as deleted
15:39:15.141 Deleting note 'DadEg8YxAq9z'
15:39:15.141 Marking attributes qT088aOTn0e6 as deleted
15:39:15.141 Marking attributes hgbhjS3ay6mf as deleted
15:39:15.141 Marking notes DadEg8YxAq9z as deleted
15:39:15.141 Deleting note 'hor0X6yIv73X'
15:39:15.142 Marking attributes UIU4yjlRPtVb as deleted
15:39:15.142 Marking attributes gSUHvWZudxqK as deleted
15:39:15.142 Marking notes hor0X6yIv73X as deleted
15:39:15.142 Sending message to all clients: {"type":"taskSucceeded","taskId":"5QxqYD39Xr","taskType":"deleteNotes","data":null}
15:39:15.143 200 DELETE /api/branches/root_hor0X6yIv73X?taskId=5QxqYD39Xr&eraseNotes=false&last=true with 20 bytes took 6ms
15:39:15.148 200 GET /api/notes/root/blob with 155 bytes took 0ms
15:39:15.149 200 GET /api/note-map/root/backlink-count with 11 bytes took 1ms
15:39:15.153 204 PUT /api/options with 0 bytes took 0ms
15:39:15.157 200 POST /api/tree/load with 42 bytes took 1ms
15:39:15.268 200 GET /api/notes/FVmaFEDzt0NT/blob with 437 bytes took 0ms
15:39:15.270 200 GET /api/notes/XWiojJtBlmel/blob with 155 bytes took 0ms
15:39:15.271 200 GET /api/notes/Yu8QnABxIjTK/blob with 268 bytes took 0ms
15:39:15.272 200 GET /api/notes/cTf99oLEiSZl/blob with 380 bytes took 0ms
15:39:15.273 200 GET /api/notes/Y5qtPsxzmJLD/blob with 155 bytes took 0ms
15:39:16.885 200 GET /api/tree?subTreeNoteId=Y5qtPsxzmJLD with 1457 bytes took 1ms
15:39:17.095 204 PUT /api/branches/root_Y5qtPsxzmJLD/expanded/1 with 0 bytes took 1ms
15:39:17.595 204 PUT /api/branches/root_Y5qtPsxzmJLD/expanded/0 with 0 bytes took 0ms
15:39:20.886 200 GET /api/notes/FVmaFEDzt0NT/blob with 437 bytes took 1ms
15:39:20.886 200 GET /api/note-map/FVmaFEDzt0NT/backlink-count with 11 bytes took 0ms
15:39:20.889 204 PUT /api/options with 0 bytes took 1ms
15:39:21.938 200 GET /api/other/icon-usage with 40 bytes took 0ms
15:39:28.225 204 PUT /api/notes/FVmaFEDzt0NT/set-attribute with 0 bytes took 1ms
