00:00:00.354 |I| Configuration LogValueChange: ResScale set to: 1
00:00:00.369 |I| Configuration LogValueChange: ResScaleCustom set to: 1
00:00:00.370 |I| Configuration LogValueChange: MaxAnisotropy set to: -1
00:00:00.371 |I| Configuration LogValueChange: AspectRatio set to: Fixed16x9
00:00:00.372 |I| Configuration LogValueChange: PreferredGpu set to: 0x1002_0x731F
00:00:00.373 |I| Configuration LogValueChange: ScalingFilterLevel set to: 80
00:00:00.373 |I| Configuration LogValueChange: CustomVSyncInterval set to: 120
00:00:00.373 |I| Configuration LogValueChange: EnableShaderCache set to: True
00:00:00.373 |I| Configuration LogValueChange: EnableMacroHLE set to: True
00:00:00.374 |I| Configuration LogValueChange: Language set to: AmericanEnglish
00:00:00.375 |I| Configuration LogValueChange: Region set to: USA
00:00:00.375 |I| Configuration LogValueChange: TimeZone set to: UTC
00:00:00.378 |I| Configuration LogValueChange: SystemTimeOffset set to: -25
00:00:00.379 |I| Configuration LogValueChange: EnableDockedMode set to: True
00:00:00.379 |I| Configuration LogValueChange: EnablePtc set to: True
00:00:00.380 |I| Configuration LogValueChange: TickScalar set to: 50
00:00:00.380 |I| Configuration LogValueChange: EnableFsIntegrityChecks set to: True
00:00:00.381 |I| Configuration LogValueChange: AudioBackend set to: SDL2
00:00:00.381 |I| Configuration LogValueChange: AudioVolume set to: 1
00:00:00.382 |I| Configuration LogValueChange: MemoryManagerMode set to: HostMappedUnsafe
00:00:00.383 |I| Configuration LogValueChange: UseHypervisor set to: True
00:00:00.386 |I| Configuration LogValueChange: LdnPassphrase set to: 
00:00:00.386 |I| Configuration LogValueChange: LdnServer set to: 
00:00:00.396 |N| Application PrintSystemInfo: Ryujinx Version: 1.3.2
00:00:00.396 |N| Application PrintSystemInfo: .NET Runtime: .NET 9.0.5
00:00:00.408 |N| Application PrintSystemInfo: Operating System: Arch Linux (X64)
00:00:00.408 |N| Application PrintSystemInfo: CPU: AMD Ryzen 5 5500 ; 12 logical
00:00:00.412 |N| Application PrintSystemInfo: RAM: Total 31.1 GiB ; Available 27.7 GiB
00:00:00.415 |N| Application PrintSystemInfo: Logs Enabled: Info, Warning, Error, Guest, Stub
00:00:00.415 |N| Application PrintSystemInfo: Launch Mode: UserProfile
00:00:00.709 |E| .NET TP Worker ATTENTION: default value of option mesa_glthread overridden by environment.
00:00:00.775 |E| .NET TP Worker ATTENTION: default value of option mesa_glthread overridden by environment.
00:00:00.777 |E| .NET TP Worker ATTENTION: default value of option mesa_glthread overridden by environment.
00:00:00.089 |I| Gpu : Backend Threading (Auto): True
00:00:00.505 |N| Application LoadGuestApplication: Using Firmware Version: 20.3.0
00:00:00.505 |N| Application LoadGuestApplication: Loading content archive from '/home/[redacted]/games/XCX_DE.nsp'.
00:00:00.505 |I| Application LoadGuestApplication: Loading as NSP.
00:00:00.523 |I| ModLoader QueryContentsDir: Searching mods for Application 0100453019AA8000 in "/home/[redacted]/.config/Ryujinx/mods/contents"
00:00:00.524 |I| ModLoader QueryContentsDir: Searching mods for Application 0100453019AA8000 in "/home/[redacted]/.config/Ryujinx/sdcard/atmosphere/contents"
00:00:00.526 |I| Loader Load: Loading rtld...
00:00:00.540 |I| Loader PrintRoSectionInfo: rtld:
    Module: nnrtld
00:00:00.540 |I| Loader Load: Loading main...
00:00:00.807 |I| Loader PrintRoSectionInfo: main:
    Module: D:\Monolithsoft\STS_ROM\prog\application\STS\NX64\Rom_Master\STS.nss
    SDK Libraries: SDK MW+Nintendo+NintendoSDK_NPLN-1_32_1-Release
                   SDK MW+Nintendo+NintendoSDK_Google_APIs_For_NPLN-1_32_1-Release
                   SDK MW+Nintendo+NintendoSDK_gRPC_For_NPLN-0_0_0-Release
                   SDK MW+Nintendo+NintendoSDK_OpenSSL_For_NPLN-0_0_0-Release
                   SDK MW+Nintendo+NintendoSDK_libz-19_3_2-Release
                   SDK MW+Nintendo+NintendoSDK_WebRTC_For_NPLN-0_0_0-Release
                   SDK MW+Nintendo+NintendoSDK_libcurl-19_3_2-Release
                   SDK MW+Microsoft+Havok_Physics-2023_2
00:00:00.808 |I| Loader Load: Loading subsdk0...
00:00:00.864 |I| Loader PrintRoSectionInfo: subsdk0:
    Module: multimedia
    SDK Libraries: SDK MW+Nintendo+NintendoSDK_movie-19_3_2-Release
00:00:00.864 |I| Loader Load: Loading sdk...
00:00:00.976 |I| Loader PrintRoSectionInfo: sdk:
    Module: nnSdk
    FS SDK Version: 19.3.2
    SDK Libraries: SDK MW+Nintendo+NintendoSDK_libz-19_3_2-Release
                   SDK MW+Nintendo+NintendoSdk_nnSdk-19_3_2-Release
                   SDK MW+Nintendo+NintendoSdk_BuildTarget-64Bit
                   SDK MW+Nintendo+NintendoSDK_NVN-19_3_2-Release
00:00:01.252 |I| Ptc Initialize: Initializing Profiled Persistent Translation Cache (enabled: True).
00:00:01.252 |I| Ptc Initialize: PPTC (v7008) Profile: 1.0.1-default
00:00:01.258 |I| Application ParseCapability: Application requested cores with index range 0 to 2
00:00:01.259 |I| Loader LoadNsos: Loading image 0 at 0x0000000008500000...
00:00:01.260 |I| Loader LoadNsos: Loading image 1 at 0x0000000008505000...
00:00:01.309 |I| Loader LoadNsos: Loading image 2 at 0x000000000ccd3000...
00:00:01.314 |I| Loader LoadNsos: Loading image 3 at 0x000000000d35a000...
00:00:01.323 |I| ModLoader LoadCheats: Build ids found for application 0100453019AA8000:
    0F378E93D068E7BF1D8352795A43017D3FE904B1000000000000000000000000
    3F2425864CF226844511065F77AA3E36FB5FC33F000000000000000000000000
    99F9FC3860DE320166AD07A6442A64F4D137E67C000000000000000000000000
    CFF74470477C5FC65BB2538FD4A72441E613B40C000000000000000000000000
00:00:01.327 |I| Application EnsureSaveData: Ensuring required savedata exists.
00:00:01.380 |I| Loader Start: Application Loaded: Xenoblade Chronicles X: Definitive Edition v1.0.1 [0100453019aa8000] [64-bit]
00:00:01.390 |I| Application CheckGitLabVersionAsync: Checking for updates from https://update.ryujinx.app/latest/query?os=linux&arch=amd64&rc=stable.
00:00:01.577 |I| GUI.WindowThread Hid Configure: Configured Controller ProController to Player1
00:00:01.590 |I| GUI.WindowThread Hid SetupNpad: Connected Controller ProController to Player1
00:00:01.603 |E| .NET TP Worker ATTENTION: default value of option vk_khr_present_wait overridden by environment.
00:00:01.603 |E| .NET TP Worker ATTENTION: default value of option vk_xwayland_wait_ready overridden by environment.
00:00:01.604 |E| .NET TP Worker [Gamescope WSI] Application info:
00:00:01.604 |E| .NET TP Worker   pApplicationName: Ryujinx.Graphics.Vulkan
00:00:01.604 |E| .NET TP Worker   applicationVersion: 1
00:00:01.604 |E| .NET TP Worker   pEngineName: Ryujinx.Graphics.Vulkan
00:00:01.604 |E| .NET TP Worker   engineVersion: 1
00:00:01.604 |E| .NET TP Worker   apiVersion: 4202496
00:00:01.604 |E| .NET TP Worker [Gamescope WSI] Executable name: ryujinx
00:00:01.630 |E| .NET TP Worker [Gamescope WSI] Creating Gamescope surface: xid: 0x600114
00:00:01.631 |E| .NET TP Worker [Gamescope WSI] Atom of T was wrong type. Expected XCB_ATOM_CARDINAL.
00:00:01.631 |E| .NET TP Worker [Gamescope WSI] Made gamescope surface for xid: 0x600114
00:00:01.631 |E| .NET TP Worker [Gamescope WSI] Surface state:
00:00:01.631 |E| .NET TP Worker   steam app id:                  0
00:00:01.631 |E| .NET TP Worker   window xid:                    0x600114
00:00:01.631 |E| .NET TP Worker   wayland surface res id:        5
00:00:01.631 |E| .NET TP Worker   layer client flags:            0x0
00:00:01.631 |E| .NET TP Worker   server hdr output enabled:     false
00:00:01.631 |E| .NET TP Worker   hdr formats exposed to client: false
00:00:01.649 |E| .NET TP Worker ATTENTION: default value of option mesa_glthread overridden by environment.
00:00:01.649 |E| .NET TP Worker [Gamescope WSI] Forcing on VK_EXT_swapchain_maintenance1.
00:00:01.651 |E| .NET TP Worker Fossilize INFO: Overriding serialization path: "/home/diener/.local/share/Steam/steamapps/shadercache/3389281876/fozpipelinesv6/steamapprun_pipeline_cache".
00:00:01.758 |E| .NET TP Worker [Gamescope WSI] Creating swapchain for xid: 0x600114 - oldSwapchain: (nil) - provided minImageCount: 4 - minImageCount: 4 - format: VK_FORMAT_B8G8R8A8_UNORM - colorspace: VK_COLOR_SPACE_SRGB_NONLINEAR_KHR - flip: false
00:00:01.760 |E| .NET TP Worker [Gamescope WSI] Created swapchain for xid: 0x600114 swapchain: 0x7dffec1cd1d0 - imageCount: 4
00:00:01.791 |N| GUI.RenderThread Gpu PrintGpuInformation: AMD Radeon RX 5700 XT (RADV NAVI10) (Vulkan v1.4.318, Driver v25.2.4)
00:00:01.791 |N| GUI.RenderThread Gpu PrintGpuInformation: GPU Memory: 8192 MiB
00:00:01.799 |I| GPU.MainThread Gpu LoadShaders: Loading 0 shaders from the cache...
00:00:01.804 |I| GPU.MainThread Gpu LoadShaders: Shader cache loaded.
00:00:02.411 |S| HLE.OsThread.47 ServiceAm GetAppletResourceUserId: Stubbed. {appletResourceUserId: 1}
00:00:02.504 |S| HLE.OsThread.47 ServiceAm AcquireForegroundRights: Stubbed. 
00:00:02.508 |S| HLE.OsThread.47 ServiceAm SetFocusHandlingMode: Stubbed. {unknownFlag1: False ; unknownFlag2: False ; unknownFlag3: True}
00:00:02.511 |S| HLE.OsThread.47 ServiceAm SetOutOfFocusSuspendingEnabled: Stubbed. {outOfFocusSuspendingEnabled: False}
00:00:02.564 |I| Application BeginUpdateAsync: Up to date.
00:00:02.581 |S| HLE.OsThread.47 ServicePctl Initialize: Stubbed. 
00:00:02.767 |W| HLE.GuestThread.46 KernelSvc : MapPhysicalMemory() = LimitReached
00:00:05.640 |S| HLE.OsThread.47 ServiceAcc InitializeApplicationInfo: Stubbed. {TitleId: 72133666929278976}
00:00:05.651 |S| HLE.OsThread.47 ServiceAcc IsUserAccountSwitchLocked: Stubbed. 
00:00:05.663 |S| HLE.OsThread.3 ServiceHid ActivateMouse: Stubbed. {appletResourceUserId: 1}
00:00:05.666 |S| HLE.OsThread.3 ServiceHid ActivateKeyboard: Stubbed. {appletResourceUserId: 1}
00:00:05.669 |S| HLE.OsThread.47 ServiceNs CheckAddOnContentMountStatus: Stubbed. 
00:00:05.745 |S| HLE.OsThread.47 ServiceAm SetOperationModeChangedNotification: Stubbed. {operationModeChangedNotification: True}
00:00:05.746 |S| HLE.OsThread.47 ServiceAm SetPerformanceModeChangedNotification: Stubbed. {performanceModeChangedNotification: True}
00:00:05.747 |S| HLE.OsThread.47 ServiceAm SetRestartMessageEnabled: Stubbed. {restartMessageEnabled: True}
00:00:05.748 |S| HLE.OsThread.47 ServiceAm LockExit: Stubbed. 
00:00:06.195 |S| HLE.OsThread.4 ServiceNv FinishInitialize: Stubbed. 
00:00:06.228 |I| HLE.OsThread.47 SurfaceFlinger CreateLayerFromId: Creating layer 1
00:00:06.229 |I| HLE.OsThread.47 SurfaceFlinger CreateLayerFromId: Creating layer 2
00:00:06.346 |S| HLE.OsThread.4 ServiceNv VsmsMapping: Stubbed. 
00:00:06.389 |S| HLE.OsThread.4 ServiceNv InitializeEx: Stubbed. 
00:00:06.442 |S| HLE.OsThread.4 ServiceNv GetActiveSlotMask: Stubbed. 
00:00:06.503 |S| HLE.OsThread.4 ServiceNv SetNvMapFd: Stubbed. 
00:00:06.504 |S| HLE.OsThread.4 ServiceNv AllocGpfifoEx2: Stubbed. 
00:00:06.504 |S| HLE.OsThread.4 ServiceNv AllocObjCtx: Stubbed. 
00:00:06.506 |S| HLE.OsThread.4 ServiceNv SetErrorNotifier: Stubbed. 
00:00:06.506 |S| HLE.OsThread.4 ServiceNv SetUserData: Stubbed. 
00:00:06.507 |S| HLE.OsThread.4 ServiceNv SetTimeout: Stubbed. 
00:00:06.509 |S| HLE.OsThread.4 ServiceNv SetTimeslice: Stubbed. 
00:00:06.517 |S| HLE.OsThread.4 ServiceNv ZcullBind: Stubbed. 
00:00:06.739 |S| HLE.OsThread.4 ServiceNv ZbcSetTable: Stubbed. 
00:00:06.739 |S| HLE.OsThread.4 ServiceNv GetActiveSlotMask: Stubbed. 
00:00:06.739 |S| HLE.OsThread.4 ServiceNv ZbcSetTable: Stubbed. 
00:00:06.739 |S| HLE.OsThread.4 ServiceNv GetActiveSlotMask: Stubbed. 
00:00:06.739 |S| HLE.OsThread.4 ServiceNv ZbcSetTable: Stubbed. 
00:00:06.739 |S| HLE.OsThread.4 ServiceNv GetActiveSlotMask: Stubbed. 
00:00:06.741 |S| HLE.OsThread.4 ServiceNv ZbcSetTable: Stubbed. 
00:00:06.742 |S| HLE.OsThread.4 ServiceNv GetActiveSlotMask: Stubbed. 
00:00:06.743 |S| HLE.OsThread.4 ServiceNv ZbcSetTable: Stubbed. 
00:00:06.743 |S| HLE.OsThread.4 ServiceNv GetActiveSlotMask: Stubbed. 
00:00:06.743 |S| HLE.OsThread.4 ServiceNv ZbcSetTable: Stubbed. 
00:00:06.743 |S| HLE.OsThread.4 ServiceNv GetActiveSlotMask: Stubbed. 
00:00:06.744 |S| HLE.OsThread.4 ServiceNv ZbcSetTable: Stubbed. 
00:00:06.744 |S| HLE.OsThread.4 ServiceNv GetActiveSlotMask: Stubbed. 
00:00:06.884 |S| HLE.OsThread.3 ServiceHid SetTouchScreenResolution: Stubbed. {width: 1280 ; height: 720 ; appletResourceUserId: 1}
00:00:06.885 |S| HLE.OsThread.3 ServiceHid ActivateTouchScreen: Stubbed. {appletResourceUserId: 1}
00:00:06.967 |S| HLE.OsThread.3 ServiceHid ActiveNpadImpl: Stubbed. {appletResourceUserId: 1 ; revision: 5}
00:00:06.968 |S| HLE.OsThread.3 ServiceHid SetSupportedNpadStyleSet: Stubbed. {pid: 127 ; appletResourceUserId: 1 ; type: ProController, Handheld, JoyconPair}
00:00:06.972 |I| GUI.WindowThread Hid SetupNpad: Disconnected Controller ProController from Player1
00:00:06.973 |W| GUI.WindowThread Hid Remap: No matching controllers found. Application requests 'ProController, Handheld, JoyconPair' on 'Player1, Player2, Player3, Handheld'
00:00:06.974 |S| HLE.OsThread.3 ServiceHid SetSupportedNpadIdType: Stubbed. 4 Players: Player1,Player2,Player3,Handheld
00:00:06.974 |I| GUI.WindowThread Hid SetupNpad: Connected Controller ProController to Player1
00:00:07.043 |E| .NET TP Worker [Gamescope WSI] Destroying swapchain: 0x7dffec1cd1d0
00:00:07.043 |E| .NET TP Worker [Gamescope WSI] Destroyed swapchain: 0x7dffec1cd1d0
00:00:07.044 |E| .NET TP Worker [Gamescope WSI] Creating swapchain for xid: 0x600114 - oldSwapchain: (nil) - provided minImageCount: 4 - minImageCount: 4 - format: VK_FORMAT_B8G8R8A8_UNORM - colorspace: VK_COLOR_SPACE_SRGB_NONLINEAR_KHR - flip: true
00:00:07.045 |E| .NET TP Worker [Gamescope WSI] Created swapchain for xid: 0x600114 swapchain: 0x7dffec19ca00 - imageCount: 4
00:00:07.084 |E| .NET TP Worker [Gamescope WSI] Swapchain received new refresh cycle: 16.67ms
00:00:07.554 |I| HLE.OsThread.11 AudioRenderer AcquireSessionId: Registered new output (0)
00:00:07.586 |I| HLE.OsThread.11 Audio EnsureAudioStreamSetup: New audio stream setup with a target sample count of 1024
00:00:07.914 |S| HLE.OsThread.1 ServiceBsd RegisterClient: Stubbed. 
00:00:07.914 |S| HLE.OsThread.1 ServiceBsd StartMonitoring: Stubbed. {unknown0: 0}
00:00:07.920 |S| HLE.OsThread.47 ServiceSsl SetInterfaceVersion: Stubbed. {interfaceVersion: 3}
00:00:07.927 |S| HLE.OsThread.47 ServiceNifm CreateRequest: Stubbed. {version: 2}
00:00:07.932 |S| HLE.OsThread.47 ServiceNifm Submit: Stubbed. 
00:00:07.932 |S| HLE.OsThread.47 ServiceNifm GetRequestState: Stubbed. 
00:00:07.932 |S| HLE.OsThread.47 ServiceNifm GetResult: Stubbed. 
00:00:08.058 |S| HLE.OsThread.47 ServiceNifm Submit: Stubbed. 
00:00:08.058 |S| HLE.OsThread.47 ServiceNifm GetRequestState: Stubbed. 
00:00:08.058 |S| HLE.OsThread.47 ServiceNifm GetResult: Stubbed. 
00:00:09.966 |E| HLE.OsThread.2 Application : Unhandled exception caught: System.Reflection.TargetInvocationException: Exception has been thrown by the target of an invocation.
 ---> LibHac.Common.HorizonResultException: ResultFsNonRealDataVerificationFailed (2002-4604): Hash error!
   at LibHac.Common.ThrowHelper.ThrowResult(Result result, String message)
   at LibHac.Tools.FsSystem.IntegrityVerificationStorage.ReadImpl(Int64 offset, Span`1 destination, IntegrityCheckLevel integrityCheckLevel)
   at LibHac.Tools.FsSystem.IntegrityVerificationStorage.Read(Int64 offset, Span`1 destination)
   at LibHac.Tools.FsSystem.CachedStorage.ReadBlock(CacheBlock block, Int64 index)
   at LibHac.Tools.FsSystem.CachedStorage.GetBlock(Int64 blockIndex)
   at LibHac.Tools.FsSystem.CachedStorage.Read(Int64 offset, Span`1 destination)
   at LibHac.Tools.FsSystem.HierarchicalIntegrityVerificationStorage.Read(Int64 offset, Span`1 destination)
   at LibHac.Tools.FsSystem.StorageStream.Read(Byte[] buffer, Int32 offset, Int32 count)
   at System.IO.Stream.Read(Span`1 buffer)
   at LibHac.Tools.FsSystem.StreamStorage.Read(Int64 offset, Span`1 destination)
   at LibHac.FsSrv.Impl.StorageInterfaceAdapter.Read(Int64 offset, OutBuffer destination, Int64 size)
   at Ryujinx.HLE.HOS.Services.Fs.FileSystemProxy.IStorage.Read(ServiceCtx context) in /home/runner/work/src/src/src/Ryujinx.HLE/HOS/Services/Fs/FileSystemProxy/IStorage.cs:line 43
   at InvokeStub_IStorage.Read(Object, Span`1)
   at System.Reflection.MethodBaseInvoker.InvokeWithOneArg(Object obj, BindingFlags invokeAttr, Binder binder, Object[] parameters, CultureInfo culture)
   --- End of inner exception stack trace ---
   at System.Reflection.MethodBaseInvoker.InvokeWithOneArg(Object obj, BindingFlags invokeAttr, Binder binder, Object[] parameters, CultureInfo culture)
   at System.Reflection.RuntimeMethodInfo.Invoke(Object obj, BindingFlags invokeAttr, Binder binder, Object[] parameters, CultureInfo culture)
   at Ryujinx.HLE.HOS.Services.IpcService.CallCmifMethod(ServiceCtx context) in /home/runner/work/src/src/src/Ryujinx.HLE/HOS/Services/IpcService.cs:line 149
   at Ryujinx.HLE.HOS.Services.ServerBase.Process(Int32 serverSessionHandle, UInt64 recvListAddr) in /home/runner/work/src/src/src/Ryujinx.HLE/HOS/Services/ServerBase.cs:line 373
   at Ryujinx.HLE.HOS.Services.ServerBase.ServerLoop() in /home/runner/work/src/src/src/Ryujinx.HLE/HOS/Services/ServerBase.cs:line 255
   at Ryujinx.HLE.HOS.Services.ServerBase.Main() in /home/runner/work/src/src/src/Ryujinx.HLE/HOS/Services/ServerBase.cs:line 173
   at Ryujinx.HLE.HOS.Kernel.Threading.KThread.ThreadStart() in /home/runner/work/src/src/src/Ryujinx.HLE/HOS/Kernel/Threading/KThread.cs:line 1255
   at System.Threading.Thread.StartCallback()
